Archive member included to satisfy reference by file (symbol)

/opt/st/stm32cubeide_1.13.2/plugins/com.st.stm32cube.ide.mcu.externaltools.gnu-tools-for-stm32.11.3.rel1.linux64_1.1.1.202309131626/tools/bin/../lib/gcc/arm-none-eabi/11.3.1/../../../../arm-none-eabi/lib/thumb/v6-m/nofp/libstdc++_nano.a(del_ops.o)
                              ./Core/Src/List.o (operator delete(void*, unsigned int))
/opt/st/stm32cubeide_1.13.2/plugins/com.st.stm32cube.ide.mcu.externaltools.gnu-tools-for-stm32.11.3.rel1.linux64_1.1.1.202309131626/tools/bin/../lib/gcc/arm-none-eabi/11.3.1/../../../../arm-none-eabi/lib/thumb/v6-m/nofp/libstdc++_nano.a(new_op.o)
                              ./Core/Src/List.o (operator new(unsigned int))
/opt/st/stm32cubeide_1.13.2/plugins/com.st.stm32cube.ide.mcu.externaltools.gnu-tools-for-stm32.11.3.rel1.linux64_1.1.1.202309131626/tools/bin/../lib/gcc/arm-none-eabi/11.3.1/../../../../arm-none-eabi/lib/thumb/v6-m/nofp/libstdc++_nano.a(allocator-inst.o)
                              ./Core/Src/main.o (std::allocator<char>::allocator())
/opt/st/stm32cubeide_1.13.2/plugins/com.st.stm32cube.ide.mcu.externaltools.gnu-tools-for-stm32.11.3.rel1.linux64_1.1.1.202309131626/tools/bin/../lib/gcc/arm-none-eabi/11.3.1/../../../../arm-none-eabi/lib/thumb/v6-m/nofp/libstdc++_nano.a(string-inst.o)
                              ./Core/Src/MQTT.o (std::__cxx11::basic_string<char, std::char_traits<char>, std::allocator<char> >::basic_string())
/opt/st/stm32cubeide_1.13.2/plugins/com.st.stm32cube.ide.mcu.externaltools.gnu-tools-for-stm32.11.3.rel1.linux64_1.1.1.202309131626/tools/bin/../lib/gcc/arm-none-eabi/11.3.1/../../../../arm-none-eabi/lib/thumb/v6-m/nofp/libstdc++_nano.a(del_op.o)
                              /opt/st/stm32cubeide_1.13.2/plugins/com.st.stm32cube.ide.mcu.externaltools.gnu-tools-for-stm32.11.3.rel1.linux64_1.1.1.202309131626/tools/bin/../lib/gcc/arm-none-eabi/11.3.1/../../../../arm-none-eabi/lib/thumb/v6-m/nofp/libstdc++_nano.a(del_ops.o) (operator delete(void*))
/opt/st/stm32cubeide_1.13.2/plugins/com.st.stm32cube.ide.mcu.externaltools.gnu-tools-for-stm32.11.3.rel1.linux64_1.1.1.202309131626/tools/bin/../lib/gcc/arm-none-eabi/11.3.1/../../../../arm-none-eabi/lib/thumb/v6-m/nofp/libstdc++_nano.a(new_handler.o)
                              /opt/st/stm32cubeide_1.13.2/plugins/com.st.stm32cube.ide.mcu.externaltools.gnu-tools-for-stm32.11.3.rel1.linux64_1.1.1.202309131626/tools/bin/../lib/gcc/arm-none-eabi/11.3.1/../../../../arm-none-eabi/lib/thumb/v6-m/nofp/libstdc++_nano.a(new_op.o) (std::get_new_handler())
/opt/st/stm32cubeide_1.13.2/plugins/com.st.stm32cube.ide.mcu.externaltools.gnu-tools-for-stm32.11.3.rel1.linux64_1.1.1.202309131626/tools/bin/../lib/gcc/arm-none-eabi/11.3.1/../../../../arm-none-eabi/lib/thumb/v6-m/nofp/libstdc++_nano.a(functexcept.o)
                              /opt/st/stm32cubeide_1.13.2/plugins/com.st.stm32cube.ide.mcu.externaltools.gnu-tools-for-stm32.11.3.rel1.linux64_1.1.1.202309131626/tools/bin/../lib/gcc/arm-none-eabi/11.3.1/../../../../arm-none-eabi/lib/thumb/v6-m/nofp/libstdc++_nano.a(string-inst.o) (std::__throw_bad_alloc())
/opt/st/stm32cubeide_1.13.2/plugins/com.st.stm32cube.ide.mcu.externaltools.gnu-tools-for-stm32.11.3.rel1.linux64_1.1.1.202309131626/tools/bin/../lib/gcc/arm-none-eabi/11.3.1/../../../../arm-none-eabi/lib/thumb/v6-m/nofp/libstdc++_nano.a(snprintf_lite.o)
                              /opt/st/stm32cubeide_1.13.2/plugins/com.st.stm32cube.ide.mcu.externaltools.gnu-tools-for-stm32.11.3.rel1.linux64_1.1.1.202309131626/tools/bin/../lib/gcc/arm-none-eabi/11.3.1/../../../../arm-none-eabi/lib/thumb/v6-m/nofp/libstdc++_nano.a(functexcept.o) (__gnu_cxx::__snprintf_lite(char*, unsigned int, char const*, std::__va_list))
/opt/st/stm32cubeide_1.13.2/plugins/com.st.stm32cube.ide.mcu.externaltools.gnu-tools-for-stm32.11.3.rel1.linux64_1.1.1.202309131626/tools/bin/../lib/gcc/arm-none-eabi/11.3.1/../../../../arm-none-eabi/lib/thumb/v6-m/nofp/libc_nano.a(libc_a-abort.o)
                              /opt/st/stm32cubeide_1.13.2/plugins/com.st.stm32cube.ide.mcu.externaltools.gnu-tools-for-stm32.11.3.rel1.linux64_1.1.1.202309131626/tools/bin/../lib/gcc/arm-none-eabi/11.3.1/../../../../arm-none-eabi/lib/thumb/v6-m/nofp/libstdc++_nano.a(new_op.o) (abort)
/opt/st/stm32cubeide_1.13.2/plugins/com.st.stm32cube.ide.mcu.externaltools.gnu-tools-for-stm32.11.3.rel1.linux64_1.1.1.202309131626/tools/bin/../lib/gcc/arm-none-eabi/11.3.1/../../../../arm-none-eabi/lib/thumb/v6-m/nofp/libc_nano.a(libc_a-exit.o)
                              /opt/st/stm32cubeide_1.13.2/plugins/com.st.stm32cube.ide.mcu.externaltools.gnu-tools-for-stm32.11.3.rel1.linux64_1.1.1.202309131626/tools/bin/../lib/gcc/arm-none-eabi/11.3.1/../../../../arm-none-eabi/lib/thumb/v6-m/nofp/crt0.o (exit)
[...]
Memory Configuration

Name             Origin             Length             Attributes
RAM              0x0000000020000000 0x0000000000008000 xrw
FLASH            0x0000000008000000 0x0000000000040000 xr
*default*        0x0000000000000000 0xffffffffffffffff

Linker script and memory map

LOAD /opt/st/stm32cubeide_1.13.2/plugins/com.st.stm32cube.ide.mcu.externaltools.gnu-tools-for-stm32.11.3.rel1.linux64_1.1.1.202309131626/tools/bin/../lib/gcc/arm-none-eabi/11.3.1/thumb/v6-m/nofp/crti.o
LOAD /opt/st/stm32cubeide_1.13.2/plugins/com.st.stm32cube.ide.mcu.externaltools.gnu-tools-for-stm32.11.3.rel1.linux64_1.1.1.202309131626/tools/bin/../lib/gcc/arm-none-eabi/11.3.1/thumb/v6-m/nofp/crtbegin.o
LOAD /opt/st/stm32cubeide_1.13.2/plugins/com.st.stm32cube.ide.mcu.externaltools.gnu-tools-for-stm32.11.3.rel1.linux64_1.1.1.202309131626/tools/bin/../lib/gcc/arm-none-eabi/11.3.1/../../../../arm-none-eabi/lib/thumb/v6-m/nofp/crt0.o
LOAD ./Core/Src/AC_controller.o
LOAD ./Core/Src/BMP.o
LOAD ./Core/Src/Calendar.o
LOAD ./Core/Src/Clock.o
LOAD ./Core/Src/ClockCalendar.o
LOAD ./Core/Src/List.o
LOAD ./Core/Src/MQTT.o
LOAD ./Core/Src/Node.o
LOAD ./Core/Src/RFID.o
LOAD ./Core/Src/gpio.o
LOAD ./Core/Src/i2c.o
LOAD ./Core/Src/main.o
LOAD ./Core/Src/spi.o
LOAD ./Core/Src/stm32f0xx_hal_msp.o
LOAD ./Core/Src/stm32f0xx_it.o
LOAD ./Core/Src/syscalls.o
LOAD ./Core/Src/sysmem.o
LOAD ./Core/Src/system_stm32f0xx.o
LOAD ./Core/Src/tim.o
LOAD ./Core/Src/usart.o
LOAD ./Core/Startup/startup_stm32f091rctx.o
LOAD ./Drivers/STM32F0xx_HAL_Driver/Src/stm32f0xx_hal.o
LOAD ./Drivers/STM32F0xx_HAL_Driver/Src/stm32f0xx_hal_cortex.o
LOAD ./Drivers/STM32F0xx_HAL_Driver/Src/stm32f0xx_hal_dma.o
LOAD ./Drivers/STM32F0xx_HAL_Driver/Src/stm32f0xx_hal_exti.o
LOAD ./Drivers/STM32F0xx_HAL_Driver/Src/stm32f0xx_hal_flash.o
LOAD ./Drivers/STM32F0xx_HAL_Driver/Src/stm32f0xx_hal_flash_ex.o
LOAD ./Drivers/STM32F0xx_HAL_Driver/Src/stm32f0xx_hal_gpio.o
LOAD ./Drivers/STM32F0xx_HAL_Driver/Src/stm32f0xx_hal_i2c.o
LOAD ./Drivers/STM32F0xx_HAL_Driver/Src/stm32f0xx_hal_i2c_ex.o
LOAD ./Drivers/STM32F0xx_HAL_Driver/Src/stm32f0xx_hal_pwr.o
LOAD ./Drivers/STM32F0xx_HAL_Driver/Src/stm32f0xx_hal_pwr_ex.o
LOAD ./Drivers/STM32F0xx_HAL_Driver/Src/stm32f0xx_hal_rcc.o
LOAD ./Drivers/STM32F0xx_HAL_Driver/Src/stm32f0xx_hal_rcc_ex.o
LOAD ./Drivers/STM32F0xx_HAL_Driver/Src/stm32f0xx_hal_spi.o
LOAD ./Drivers/STM32F0xx_HAL_Driver/Src/stm32f0xx_hal_spi_ex.o
LOAD ./Drivers/STM32F0xx_HAL_Driver/Src/stm32f0xx_hal_tim.o
LOAD ./Drivers/STM32F0xx_HAL_Driver/Src/stm32f0xx_hal_tim_ex.o
LOAD ./Drivers/STM32F0xx_HAL_Driver/Src/stm32f0xx_hal_uart.o
LOAD ./Drivers/STM32F0xx_HAL_Driver/Src/stm32f0xx_hal_uart_ex.o
START GROUP
LOAD /opt/st/stm32cubeide_1.13.2/plugins/com.st.stm32cube.ide.mcu.externaltools.gnu-tools-for-stm32.11.3.rel1.linux64_1.1.1.202309131626/tools/bin/../lib/gcc/arm-none-eabi/11.3.1/../../../../arm-none-eabi/lib/thumb/v6-m/nofp/libstdc++_nano.a
LOAD /opt/st/stm32cubeide_1.13.2/plugins/com.st.stm32cube.ide.mcu.externaltools.gnu-tools-for-stm32.11.3.rel1.linux64_1.1.1.202309131626/tools/bin/../lib/gcc/arm-none-eabi/11.3.1/../../../../arm-none-eabi/lib/thumb/v6-m/nofp/libsupc++_nano.a
END GROUP
LOAD /opt/st/stm32cubeide_1.13.2/plugins/com.st.stm32cube.ide.mcu.externaltools.gnu-tools-for-stm32.11.3.rel1.linux64_1.1.1.202309131626/tools/bin/../lib/gcc/arm-none-eabi/11.3.1/../../../../arm-none-eabi/lib/thumb/v6-m/nofp/libstdc++_nano.a
LOAD /opt/st/stm32cubeide_1.13.2/plugins/com.st.stm32cube.ide.mcu.externaltools.gnu-tools-for-stm32.11.3.rel1.linux64_1.1.1.202309131626/tools/bin/../lib/gcc/arm-none-eabi/11.3.1/../../../../arm-none-eabi/lib/thumb/v6-m/nofp/libm.a
LOAD /opt/st/stm32cubeide_1.13.2/plugins/com.st.stm32cube.ide.mcu.externaltools.gnu-tools-for-stm32.11.3.rel1.linux64_1.1.1.202309131626/tools/bin/../lib/gcc/arm-none-eabi/11.3.1/../../../../arm-none-eabi/lib/thumb/v6-m/nofp/libc_nano.a
START GROUP
LOAD /opt/st/stm32cubeide_1.13.2/plugins/com.st.stm32cube.ide.mcu.externaltools.gnu-tools-for-stm32.11.3.rel1.linux64_1.1.1.202309131626/tools/bin/../lib/gcc/arm-none-eabi/11.3.1/thumb/v6-m/nofp/libgcc.a
LOAD /opt/st/stm32cubeide_1.13.2/plugins/com.st.stm32cube.ide.mcu.externaltools.gnu-tools-for-stm32.11.3.rel1.linux64_1.1.1.202309131626/tools/bin/../lib/gcc/arm-none-eabi/11.3.1/../../../../arm-none-eabi/lib/thumb/v6-m/nofp/libc_nano.a
END GROUP
START GROUP
LOAD /opt/st/stm32cubeide_1.13.2/plugins/com.st.stm32cube.ide.mcu.externaltools.gnu-tools-for-stm32.11.3.rel1.linux64_1.1.1.202309131626/tools/bin/../lib/gcc/arm-none-eabi/11.3.1/thumb/v6-m/nofp/libgcc.a
LOAD /opt/st/stm32cubeide_1.13.2/plugins/com.st.stm32cube.ide.mcu.externaltools.gnu-tools-for-stm32.11.3.rel1.linux64_1.1.1.202309131626/tools/bin/../lib/gcc/arm-none-eabi/11.3.1/../../../../arm-none-eabi/lib/thumb/v6-m/nofp/libc_nano.a
LOAD /opt/st/stm32cubeide_1.13.2/plugins/com.st.stm32cube.ide.mcu.externaltools.gnu-tools-for-stm32.11.3.rel1.linux64_1.1.1.202309131626/tools/bin/../lib/gcc/arm-none-eabi/11.3.1/../../../../arm-none-eabi/lib/thumb/v6-m/nofp/libnosys.a
END GROUP
START GROUP
LOAD /opt/st/stm32cubeide_1.13.2/plugins/com.st.stm32cube.ide.mcu.externaltools.gnu-tools-for-stm32.11.3.rel1.linux64_1.1.1.202309131626/tools/bin/../lib/gcc/arm-none-eabi/11.3.1/thumb/v6-m/nofp/libgcc.a
LOAD /opt/st/stm32cubeide_1.13.2/plugins/com.st.stm32cube.ide.mcu.externaltools.gnu-tools-for-stm32.11.3.rel1.linux64_1.1.1.202309131626/tools/bin/../lib/gcc/arm-none-eabi/11.3.1/../../../../arm-none-eabi/lib/thumb/v6-m/nofp/libc_nano.a
LOAD /opt/st/stm32cubeide_1.13.2/plugins/com.st.stm32cube.ide.mcu.externaltools.gnu-tools-for-stm32.11.3.rel1.linux64_1.1.1.202309131626/tools/bin/../lib/gcc/arm-none-eabi/11.3.1/../../../../arm-none-eabi/lib/thumb/v6-m/nofp/libnosys.a
END GROUP
LOAD /opt/st/stm32cubeide_1.13.2/plugins/com.st.stm32cube.ide.mcu.externaltools.gnu-tools-for-stm32.11.3.rel1.linux64_1.1.1.202309131626/tools/bin/../lib/gcc/arm-none-eabi/11.3.1/thumb/v6-m/nofp/crtend.o
LOAD /opt/st/stm32cubeide_1.13.2/plugins/com.st.stm32cube.ide.mcu.externaltools.gnu-tools-for-stm32.11.3.rel1.linux64_1.1.1.202309131626/tools/bin/../lib/gcc/arm-none-eabi/11.3.1/thumb/v6-m/nofp/crtn.o
                0x0000000020008000                _estack = (ORIGIN (RAM) + LENGTH (RAM))
                0x0000000000000200                _Min_Heap_Size = 0x200
                0x0000000000000400                _Min_Stack_Size = 0x400

.isr_vector     0x0000000008000000       0xbc
                0x0000000008000000                . = ALIGN (0x4)
 *(.isr_vector)
 .isr_vector    0x0000000008000000       0xbc ./Core/Startup/startup_stm32f091rctx.o
                0x0000000008000000                g_pfnVectors
                0x00000000080000bc                . = ALIGN (0x4)

.text           0x00000000080000bc     0x9b84
                0x00000000080000bc                . = ALIGN (0x4)
 *(.text)
 .text          0x00000000080000bc       0x48 /opt/st/stm32cubeide_1.13.2/plugins/com.st.stm32cube.ide.mcu.externaltools.gnu-tools-for-stm32.11.3.rel1.linux64_1.1.1.202309131626/tools/bin/../lib/gcc/arm-none-eabi/11.3.1/thumb/v6-m/nofp/crtbegin.o
 .text          0x0000000008000104        0xe /opt/st/stm32cubeide_1.13.2/plugins/com.st.stm32cube.ide.mcu.externaltools.gnu-tools-for-stm32.11.3.rel1.linux64_1.1.1.202309131626/tools/bin/../lib/gcc/arm-none-eabi/11.3.1/../../../../arm-none-eabi/lib/thumb/v6-m/nofp/libc_nano.a(libc_a-strlen.o)
                0x0000000008000104                strlen
 *fill*         0x0000000008000112        0x2 
 .text          0x0000000008000114       0x14 /opt/st/stm32cubeide_1.13.2/plugins/com.st.stm32cube.ide.mcu.externaltools.gnu-tools-for-stm32.11.3.rel1.linux64_1.1.1.202309131626/tools/bin/../lib/gcc/arm-none-eabi/11.3.1/thumb/v6-m/nofp/libgcc.a(_thumb1_case_shi.o)
                0x0000000008000114                __gnu_thumb1_case_shi
 .text          0x0000000008000128      0x114 /opt/st/stm32cubeide_1.13.2/plugins/com.st.stm32cube.ide.mcu.externaltools.gnu-tools-for-stm32.11.3.rel1.linux64_1.1.1.202309131626/tools/bin/../lib/gcc/arm-none-eabi/11.3.1/thumb/v6-m/nofp/libgcc.a(_udivsi3.o)
                0x0000000008000128                __udivsi3
                0x0000000008000128                __aeabi_uidiv
                0x0000000008000234                __aeabi_uidivmod
 .text          0x000000000800023c        0x4 /opt/st/stm32cubeide_1.13.2/plugins/com.st.stm32cube.ide.mcu.externaltools.gnu-tools-for-stm32.11.3.rel1.linux64_1.1.1.202309131626/tools/bin/../lib/gcc/arm-none-eabi/11.3.1/thumb/v6-m/nofp/libgcc.a(_dvmd_tls.o)
                0x000000000800023c                __aeabi_ldiv0
                0x000000000800023c                __aeabi_idiv0
 .text          0x0000000008000240      0x29c /opt/st/stm32cubeide_1.13.2/plugins/com.st.stm32cube.ide.mcu.externaltools.gnu-tools-for-stm32.11.3.rel1.linux64_1.1.1.202309131626/tools/bin/../lib/gcc/arm-none-eabi/11.3.1/thumb/v6-m/nofp/libgcc.a(mulsf3.o)
                0x0000000008000240                __aeabi_fmul
 .text          0x00000000080004dc       0x40 /opt/st/stm32cubeide_1.13.2/plugins/com.st.stm32cube.ide.mcu.externaltools.gnu-tools-for-stm32.11.3.rel1.linux64_1.1.1.202309131626/tools/bin/../lib/gcc/arm-none-eabi/11.3.1/thumb/v6-m/nofp/libgcc.a(fixsfsi.o)
                0x00000000080004dc                __aeabi_f2iz
 .text          0x000000000800051c      0x6c0 /opt/st/stm32cubeide_1.13.2/plugins/com.st.stm32cube.ide.mcu.externaltools.gnu-tools-for-stm32.11.3.rel1.linux64_1.1.1.202309131626/tools/bin/../lib/gcc/arm-none-eabi/11.3.1/thumb/v6-m/nofp/libgcc.a(adddf3.o)
                0x000000000800051c                __aeabi_dadd
 .text          0x0000000008000bdc      0x5dc /opt/st/stm32cubeide_1.13.2/plugins/com.st.stm32cube.ide.mcu.externaltools.gnu-tools-for-stm32.11.3.rel1.linux64_1.1.1.202309131626/tools/bin/../lib/gcc/arm-none-eabi/11.3.1/thumb/v6-m/nofp/libgcc.a(divdf3.o)
                0x0000000008000bdc                __aeabi_ddiv
 .text          0x00000000080011b8      0x584 /opt/st/stm32cubeide_1.13.2/plugins/com.st.stm32cube.ide.mcu.externaltools.gnu-tools-for-stm32.11.3.rel1.linux64_1.1.1.202309131626/tools/bin/../lib/gcc/arm-none-eabi/11.3.1/thumb/v6-m/nofp/libgcc.a(muldf3.o)
                0x00000000080011b8                __aeabi_dmul
 .text          0x000000000800173c      0x704 /opt/st/stm32cubeide_1.13.2/plugins/com.st.stm32cube.ide.mcu.externaltools.gnu-tools-for-stm32.11.3.rel1.linux64_1.1.1.202309131626/tools/bin/../lib/gcc/arm-none-eabi/11.3.1/thumb/v6-m/nofp/libgcc.a(subdf3.o)
                0x000000000800173c                __aeabi_dsub
 .text          0x0000000008001e40       0x6c /opt/st/stm32cubeide_1.13.2/plugins/com.st.stm32cube.ide.mcu.externaltools.gnu-tools-for-stm32.11.3.rel1.linux64_1.1.1.202309131626/tools/bin/../lib/gcc/arm-none-eabi/11.3.1/thumb/v6-m/nofp/libgcc.a(fixdfsi.o)
                0x0000000008001e40                __aeabi_d2iz
 .text          0x0000000008001eac       0x60 /opt/st/stm32cubeide_1.13.2/plugins/com.st.stm32cube.ide.mcu.externaltools.gnu-tools-for-stm32.11.3.rel1.linux64_1.1.1.202309131626/tools/bin/../lib/gcc/arm-none-eabi/11.3.1/thumb/v6-m/nofp/libgcc.a(floatsidf.o)
                0x0000000008001eac                __aeabi_i2d
 .text          0x0000000008001f0c       0x4c /opt/st/stm32cubeide_1.13.2/plugins/com.st.stm32cube.ide.mcu.externaltools.gnu-tools-for-stm32.11.3.rel1.linux64_1.1.1.202309131626/tools/bin/../lib/gcc/arm-none-eabi/11.3.1/thumb/v6-m/nofp/libgcc.a(floatunsidf.o)
                0x0000000008001f0c                __aeabi_ui2d
 .text          0x0000000008001f58      0x10c /opt/st/stm32cubeide_1.13.2/plugins/com.st.stm32cube.ide.mcu.externaltools.gnu-tools-for-stm32.11.3.rel1.linux64_1.1.1.202309131626/tools/bin/../lib/gcc/arm-none-eabi/11.3.1/thumb/v6-m/nofp/libgcc.a(truncdfsf2.o)
                0x0000000008001f58                __aeabi_d2f
 .text          0x0000000008002064       0x3c /opt/st/stm32cubeide_1.13.2/plugins/com.st.stm32cube.ide.mcu.externaltools.gnu-tools-for-stm32.11.3.rel1.linux64_1.1.1.202309131626/tools/bin/../lib/gcc/arm-none-eabi/11.3.1/thumb/v6-m/nofp/libgcc.a(_clzsi2.o)
                0x0000000008002064                __clzsi2
 *(.text*)
 .text._ZN13AC_controllerC2E12GPIO_TypeDeft
                0x00000000080020a0       0x4c ./Core/Src/AC_controller.o
                0x00000000080020a0                AC_controller::AC_controller(GPIO_TypeDef, unsigned short)
                0x00000000080020a0                AC_controller::AC_controller(GPIO_TypeDef, unsigned short)
 .text._ZN13AC_controller7sendBitEh
                0x00000000080020ec       0x5c ./Core/Src/AC_controller.o
                0x00000000080020ec                AC_controller::sendBit(unsigned char)
 .text._ZN13AC_controller8sendByteEh
                0x0000000008002148       0x52 ./Core/Src/AC_controller.o
                0x0000000008002148                AC_controller::sendByte(unsigned char)
 *fill*         0x000000000800219a        0x2 
 .text._ZN13AC_controller10sendHeaderEv
                0x000000000800219c       0x44 ./Core/Src/AC_controller.o
                0x000000000800219c                AC_controller::sendHeader()
 .text._ZN13AC_controller11sendCommandENS_4ModeENS_3FanENS_11TemperatureENS_5TurboENS_5SwingENS_5SheetE
                0x00000000080021e0      0x164 ./Core/Src/AC_controller.o
                0x00000000080021e0                AC_controller::sendCommand(AC_controller::Mode, AC_controller::Fan, AC_controller::Temperature, AC_controller::Turbo, AC_controller::Swing, AC_controller::Sheet)
 .text._ZN13AC_controller17checksumCalculateEPc
                0x0000000008002344       0xdc ./Core/Src/AC_controller.o
                0x0000000008002344                AC_controller::checksumCalculate(char*)
 .text._ZN13AC_controller10invertByteEc
                0x0000000008002420       0x80 ./Core/Src/AC_controller.o
                0x0000000008002420                AC_controller::invertByte(char)
 .text._ZN6SensorIfEC2Ev
                0x00000000080024a0       0x1c ./Core/Src/BMP.o
                0x00000000080024a0                Sensor<float>::Sensor()
                0x00000000080024a0                Sensor<float>::Sensor()
 .text._ZN6BMP280C2Ehh
                0x00000000080024bc       0x58 ./Core/Src/BMP.o
                0x00000000080024bc                BMP280::BMP280(unsigned char, unsigned char)
                0x00000000080024bc                BMP280::BMP280(unsigned char, unsigned char)
 .text._ZN6BMP28011calibrationEv
                0x0000000008002514       0xa4 ./Core/Src/BMP.o
                0x0000000008002514                BMP280::calibration()
 .text._ZN6BMP28010readSensorEv
                0x00000000080025b8      0x20c ./Core/Src/BMP.o
                0x00000000080025b8                BMP280::readSensor()
 .text._ZN8CalendarC2Eiii
                0x00000000080027c4       0x24 ./Core/Src/Calendar.o
                0x00000000080027c4                Calendar::Calendar(int, int, int)
                0x00000000080027c4                Calendar::Calendar(int, int, int)
 .text._ZN8Calendar11setCalendarEiii
                0x00000000080027e8       0x28 ./Core/Src/Calendar.o
                0x00000000080027e8                Calendar::setCalendar(int, int, int)
 .text._ZN8Calendar15advanceCalendarEv
                0x0000000008002810       0xa0 ./Core/Src/Calendar.o
                0x0000000008002810                Calendar::advanceCalendar()
 .text._ZN5ClockC2Eiiii
                0x00000000080028b0       0x2a ./Core/Src/Clock.o
                0x00000000080028b0                Clock::Clock(int, int, int, int)
                0x00000000080028b0                Clock::Clock(int, int, int, int)
 .text._ZN5Clock8setClockEiiii
                0x00000000080028da       0x2e ./Core/Src/Clock.o
                0x00000000080028da                Clock::setClock(int, int, int, int)
 .text._ZN5Clock9readClockERiS0_S0_S0_
                0x0000000008002908       0x36 ./Core/Src/Clock.o
                0x0000000008002908                Clock::readClock(int&, int&, int&, int&)
 .text._ZN5Clock12advanceClockEv
                0x000000000800293e       0x88 ./Core/Src/Clock.o
                0x000000000800293e                Clock::advanceClock()
 .text._ZN13ClockCalendarC2Eiiiiiii
                0x00000000080029c6       0x5c ./Core/Src/ClockCalendar.o
                0x00000000080029c6                ClockCalendar::ClockCalendar(int, int, int, int, int, int, int)
                0x00000000080029c6                ClockCalendar::ClockCalendar(int, int, int, int, int, int, int)
 .text._ZN13ClockCalendar7advanceEv
                0x0000000008002a22       0x40 ./Core/Src/ClockCalendar.o
                0x0000000008002a22                ClockCalendar::advance()
 .text._ZN4ListC2Ev
                0x0000000008002a62       0x18 ./Core/Src/List.o
                0x0000000008002a62                List::List()
                0x0000000008002a62                List::List()
 .text._ZN4List15insertAfterLastEiiiiiiii
                0x0000000008002a7a       0xb2 ./Core/Src/List.o
                0x0000000008002a7a                List::insertAfterLast(int, int, int, int, int, int, int, int)
 .text._ZN4List11removeFirstERiS0_S0_S0_S0_S0_S0_S0_
                0x0000000008002b2c       0xc2 ./Core/Src/List.o
                0x0000000008002b2c                List::removeFirst(int&, int&, int&, int&, int&, int&, int&, int&)
 .text._ZN4List7listAllEv
                0x0000000008002bee       0x36 ./Core/Src/List.o
                0x0000000008002bee                List::listAll()
 .text._ZN4MQTTC2EPKctS1_S1_
                0x0000000008002c24       0xe8 ./Core/Src/MQTT.o
                0x0000000008002c24                MQTT::MQTT(char const*, unsigned short, char const*, char const*)
                0x0000000008002c24                MQTT::MQTT(char const*, unsigned short, char const*, char const*)
 .text._ZN4MQTT7setSSIDEPKc
                0x0000000008002d0c       0x18 ./Core/Src/MQTT.o
                0x0000000008002d0c                MQTT::setSSID(char const*)
 .text._ZN4MQTT6setPSWEPKc
                0x0000000008002d24       0x18 ./Core/Src/MQTT.o
                0x0000000008002d24                MQTT::setPSW(char const*)
 .text._ZN4MQTT13setMQTTServerEPKc
                0x0000000008002d3c       0x18 ./Core/Src/MQTT.o
                0x0000000008002d3c                MQTT::setMQTTServer(char const*)
 .text._ZN4MQTT11setMQTTPortEt
                0x0000000008002d54       0x1e ./Core/Src/MQTT.o
                0x0000000008002d54                MQTT::setMQTTPort(unsigned short)
 .text._ZN4MQTT9SubscribeB5cxx11EPKch
                0x0000000008002d72       0xf4 ./Core/Src/MQTT.o
                0x0000000008002d72                MQTT::Subscribe[abi:cxx11](char const*, unsigned char)
 .text._ZN4MQTT7PublishEPKcNSt7__cxx1112basic_stringIcSt11char_traitsIcESaIcEEE
                0x0000000008002e66       0x34 ./Core/Src/MQTT.o
                0x0000000008002e66                MQTT::Publish(char const*, std::__cxx11::basic_string<char, std::char_traits<char>, std::allocator<char> >)
 .text._ZN4NodeC2EiiiiiiiiPS_
                0x0000000008002e9a       0x4e ./Core/Src/Node.o
                0x0000000008002e9a                Node::Node(int, int, int, int, int, int, int, int, Node*)
                0x0000000008002e9a                Node::Node(int, int, int, int, int, int, int, int, Node*)
 .text._ZN4Node5getIdEv
                0x0000000008002ee8       0x14 ./Core/Src/Node.o
                0x0000000008002ee8                Node::getId()
 .text._ZN4Node14getSensorValueEv
                0x0000000008002efc       0x14 ./Core/Src/Node.o
                0x0000000008002efc                Node::getSensorValue()
 .text._ZN4Node11getDoorOpenEv
                0x0000000008002f10       0x14 ./Core/Src/Node.o
                0x0000000008002f10                Node::getDoorOpen()
 .text._ZN4Node7getAcOnEv
                0x0000000008002f24       0x14 ./Core/Src/Node.o
                0x0000000008002f24                Node::getAcOn()
 .text._ZN4Node7getHoraEv
                0x0000000008002f38       0x14 ./Core/Src/Node.o
                0x0000000008002f38                Node::getHora()
 .text._ZN4Node9getMinutoEv
                0x0000000008002f4c       0x14 ./Core/Src/Node.o
                0x0000000008002f4c                Node::getMinuto()
 .text._ZN4Node10getSegundoEv
                0x0000000008002f60       0x14 ./Core/Src/Node.o
                0x0000000008002f60                Node::getSegundo()
 .text._ZN4Node5getPMEv
                0x0000000008002f74       0x14 ./Core/Src/Node.o
                0x0000000008002f74                Node::getPM()
 .text._ZN4Node7getNextEv
                0x0000000008002f88       0x14 ./Core/Src/Node.o
                0x0000000008002f88                Node::getNext()
 .text._ZN4Node7setNextEPS_
                0x0000000008002f9c       0x18 ./Core/Src/Node.o
                0x0000000008002f9c                Node::setNext(Node*)
 .text._ZN6SensorImEC2Ev
                0x0000000008002fb4       0x1c ./Core/Src/RFID.o
                0x0000000008002fb4                Sensor<unsigned long>::Sensor()
                0x0000000008002fb4                Sensor<unsigned long>::Sensor()
 .text._ZN4RFIDC2EP12GPIO_TypeDeft
                0x0000000008002fd0       0x38 ./Core/Src/RFID.o
                0x0000000008002fd0                RFID::RFID(GPIO_TypeDef*, unsigned short)
                0x0000000008002fd0                RFID::RFID(GPIO_TypeDef*, unsigned short)
 .text._ZN4RFID18RFID_WriteRegisterEhh
                0x0000000008003008       0x62 ./Core/Src/RFID.o
                0x0000000008003008                RFID::RFID_WriteRegister(unsigned char, unsigned char)
 .text._ZN4RFID18RFID_WriteRegisterEhhPh
                0x000000000800306a       0x90 ./Core/Src/RFID.o
                0x000000000800306a                RFID::RFID_WriteRegister(unsigned char, unsigned char, unsigned char*)
 .text._ZN4RFID17RFID_ReadRegisterEh
                0x00000000080030fa       0x60 ./Core/Src/RFID.o
                0x00000000080030fa                RFID::RFID_ReadRegister(unsigned char)
 .text._ZN4RFID17RFID_ReadRegisterEhhPhh
                0x000000000800315a      0x174 ./Core/Src/RFID.o
                0x000000000800315a                RFID::RFID_ReadRegister(unsigned char, unsigned char, unsigned char*, unsigned char)
 .text._ZN4RFID23RFID_SetRegisterBitMaskEhh
                0x00000000080032ce       0x4e ./Core/Src/RFID.o
                0x00000000080032ce                RFID::RFID_SetRegisterBitMask(unsigned char, unsigned char)
 .text._ZN4RFID25RFID_ClearRegisterBitMaskEhh
                0x000000000800331c       0x58 ./Core/Src/RFID.o
                0x000000000800331c                RFID::RFID_ClearRegisterBitMask(unsigned char, unsigned char)
 .text._ZN4RFID17RFID_CalculateCRCEPhhS0_
                0x0000000008003374       0xd4 ./Core/Src/RFID.o
                0x0000000008003374                RFID::RFID_CalculateCRC(unsigned char*, unsigned char, unsigned char*)
 .text._ZN4RFID9RFID_InitEv
                0x0000000008003448       0x86 ./Core/Src/RFID.o
                0x0000000008003448                RFID::RFID_Init()
 .text._ZN4RFID10RFID_ResetEv
                0x00000000080034ce       0x42 ./Core/Src/RFID.o
                0x00000000080034ce                RFID::RFID_Reset()
 .text._ZN4RFID14RFID_AntennaOnEv
                0x0000000008003510       0x42 ./Core/Src/RFID.o
                0x0000000008003510                RFID::RFID_AntennaOn()
 .text._ZN4RFID19RFID_TransceiveDataEPhhS0_S0_S0_hb
                0x0000000008003552       0x54 ./Core/Src/RFID.o
                0x0000000008003552                RFID::RFID_TransceiveData(unsigned char*, unsigned char, unsigned char*, unsigned char*, unsigned char*, unsigned char, bool)
 .text._ZN4RFID24RFID_CommunicateWithPICCEhhPhhS0_S0_S0_hb
                0x00000000080035a6      0x24c ./Core/Src/RFID.o
                0x00000000080035a6                RFID::RFID_CommunicateWithPICC(unsigned char, unsigned char, unsigned char*, unsigned char, unsigned char*, unsigned char*, unsigned char*, unsigned char, bool)
 .text._ZN4RFID13RFID_RequestAEPhS0_
                0x00000000080037f2       0x22 ./Core/Src/RFID.o
                0x00000000080037f2                RFID::RFID_RequestA(unsigned char*, unsigned char*)
 .text._ZN4RFID17RFID_REQA_or_WUPAEhPhS0_
                0x0000000008003814       0x90 ./Core/Src/RFID.o
                0x0000000008003814                RFID::RFID_REQA_or_WUPA(unsigned char, unsigned char*, unsigned char*)
 .text._ZN4RFID11RFID_SelectEPNS_3UidEh
                0x00000000080038a4      0x5b4 ./Core/Src/RFID.o
                0x00000000080038a4                RFID::RFID_Select(RFID::Uid*, unsigned char)
 .text._ZN4RFID16isNewCardPresentEv
                0x0000000008003e58       0x44 ./Core/Src/RFID.o
                0x0000000008003e58                RFID::isNewCardPresent()
 .text._ZN4RFID14readCardSerialEv
                0x0000000008003e9c       0x32 ./Core/Src/RFID.o
                0x0000000008003e9c                RFID::readCardSerial()
 .text._ZN4RFID10readSensorEv
                0x0000000008003ece       0x4a ./Core/Src/RFID.o
                0x0000000008003ece                RFID::readSensor()
 .text._ZN4RFID11getSensorIDEv
                0x0000000008003f18       0x1a ./Core/Src/RFID.o
                0x0000000008003f18                RFID::getSensorID()
 .text._ZN6SensorImE5setIDEi
                0x0000000008003f32       0x18 ./Core/Src/RFID.o
                0x0000000008003f32                Sensor<unsigned long>::setID(int)
 .text._ZN6SensorImE5getIDEv
                0x0000000008003f4a       0x14 ./Core/Src/RFID.o
                0x0000000008003f4a                Sensor<unsigned long>::getID()
 *fill*         0x0000000008003f5e        0x2 
 .text.MX_GPIO_Init
                0x0000000008003f60      0x180 ./Core/Src/gpio.o
                0x0000000008003f60                MX_GPIO_Init
 .text.GPIO_Output
                0x00000000080040e0       0x30 ./Core/Src/gpio.o
                0x00000000080040e0                GPIO_Output
 .text.MX_I2C1_Init
                0x0000000008004110       0x80 ./Core/Src/i2c.o
                0x0000000008004110                MX_I2C1_Init
 .text.HAL_I2C_MspInit
                0x0000000008004190       0x9c ./Core/Src/i2c.o
                0x0000000008004190                HAL_I2C_MspInit
 .text.I2C_Read_Register
                0x000000000800422c       0x60 ./Core/Src/i2c.o
                0x000000000800422c                I2C_Read_Register
 .text.I2C_Write_Register
                0x000000000800428c       0x54 ./Core/Src/i2c.o
                0x000000000800428c                I2C_Write_Register
 .text.main     0x00000000080042e0      0xebc ./Core/Src/main.o
                0x00000000080042e0                main
 .text._Z18SystemClock_Configv
                0x000000000800519c       0xd2 ./Core/Src/main.o
                0x000000000800519c                SystemClock_Config()
 .text.Error_Handler
                0x000000000800526e        0xa ./Core/Src/main.o
                0x000000000800526e                Error_Handler
 .text._ZSteqIcSt11char_traitsIcESaIcEEbRKNSt7__cxx1112basic_stringIT_T0_T1_EEPKS5_
                0x0000000008005278       0x26 ./Core/Src/main.o
                0x0000000008005278                bool std::operator==<char, std::char_traits<char>, std::allocator<char> >(std::__cxx11::basic_string<char, std::char_traits<char>, std::allocator<char> > const&, char const*)
 *fill*         0x000000000800529e        0x2 
 .text.MX_SPI1_Init
                0x00000000080052a0       0x7c ./Core/Src/spi.o
                0x00000000080052a0                MX_SPI1_Init
 .text.HAL_SPI_MspInit
                0x000000000800531c       0xe4 ./Core/Src/spi.o
                0x000000000800531c                HAL_SPI_MspInit
 .text.SPI_Transfer
                0x0000000008005400       0x38 ./Core/Src/spi.o
                0x0000000008005400                SPI_Transfer
 .text.HAL_MspInit
                0x0000000008005438       0x48 ./Core/Src/stm32f0xx_hal_msp.o
                0x0000000008005438                HAL_MspInit
 .text.NMI_Handler
                0x0000000008005480        0x6 ./Core/Src/stm32f0xx_it.o
                0x0000000008005480                NMI_Handler
 .text.HardFault_Handler
                0x0000000008005486        0x6 ./Core/Src/stm32f0xx_it.o
                0x0000000008005486                HardFault_Handler
 .text.SVC_Handler
                0x000000000800548c        0xa ./Core/Src/stm32f0xx_it.o
                0x000000000800548c                SVC_Handler
 .text.PendSV_Handler
                0x0000000008005496        0xa ./Core/Src/stm32f0xx_it.o
                0x0000000008005496                PendSV_Handler
 .text.SysTick_Handler
                0x00000000080054a0        0xe ./Core/Src/stm32f0xx_it.o
                0x00000000080054a0                SysTick_Handler
 .text._getpid  0x00000000080054ae        0xc ./Core/Src/syscalls.o
                0x00000000080054ae                _getpid
 .text._kill    0x00000000080054ba       0x20 ./Core/Src/syscalls.o
                0x00000000080054ba                _kill
 .text._exit    0x00000000080054da       0x18 ./Core/Src/syscalls.o
                0x00000000080054da                _exit
 *fill*         0x00000000080054f2        0x2 
 .text._sbrk    0x00000000080054f4       0x6c ./Core/Src/sysmem.o
                0x00000000080054f4                _sbrk
 .text.SystemInit
                0x0000000008005560        0xa ./Core/Src/system_stm32f0xx.o
                0x0000000008005560                SystemInit
 *fill*         0x000000000800556a        0x2 
 .text.MX_TIM1_Init
                0x000000000800556c       0xb0 ./Core/Src/tim.o
                0x000000000800556c                MX_TIM1_Init
 .text.HAL_TIM_Base_MspInit
                0x000000000800561c       0x40 ./Core/Src/tim.o
                0x000000000800561c                HAL_TIM_Base_MspInit
 .text.delay_us
                0x000000000800565c       0x34 ./Core/Src/tim.o
                0x000000000800565c                delay_us
 .text.MX_USART1_UART_Init
                0x0000000008005690       0x60 ./Core/Src/usart.o
                0x0000000008005690                MX_USART1_UART_Init
 .text.HAL_UART_MspInit
                0x00000000080056f0       0x9c ./Core/Src/usart.o
                0x00000000080056f0                HAL_UART_MspInit
 .text.sendATcommand
                0x000000000800578c       0x44 ./Core/Src/usart.o
                0x000000000800578c                sendATcommand
 .text.sendCommand
                0x00000000080057d0       0x54 ./Core/Src/usart.o
                0x00000000080057d0                sendCommand
 .text.receiveCommand
                0x0000000008005824       0x28 ./Core/Src/usart.o
                0x0000000008005824                receiveCommand
 .text.Reset_Handler
                0x000000000800584c       0x50 ./Core/Startup/startup_stm32f091rctx.o
                0x000000000800584c                Reset_Handler
 .text.Default_Handler
                0x000000000800589c        0x2 ./Core/Startup/startup_stm32f091rctx.o
                0x000000000800589c                TIM1_CC_IRQHandler
                0x000000000800589c                TSC_IRQHandler
                0x000000000800589c                ADC1_COMP_IRQHandler
                0x000000000800589c                I2C1_IRQHandler
                0x000000000800589c                RCC_CRS_IRQHandler
                0x000000000800589c                SPI1_IRQHandler
                0x000000000800589c                TIM6_DAC_IRQHandler
                0x000000000800589c                DMA1_Ch1_IRQHandler
                0x000000000800589c                EXTI2_3_IRQHandler
                0x000000000800589c                I2C2_IRQHandler
                0x000000000800589c                TIM17_IRQHandler
                0x000000000800589c                CEC_CAN_IRQHandler
                0x000000000800589c                RTC_IRQHandler
                0x000000000800589c                PVD_VDDIO2_IRQHandler
                0x000000000800589c                TIM16_IRQHandler
                0x000000000800589c                TIM3_IRQHandler
                0x000000000800589c                EXTI4_15_IRQHandler
                0x000000000800589c                USART3_8_IRQHandler
                0x000000000800589c                Default_Handler
                0x000000000800589c                TIM14_IRQHandler
                0x000000000800589c                TIM7_IRQHandler
                0x000000000800589c                TIM15_IRQHandler
                0x000000000800589c                EXTI0_1_IRQHandler
                0x000000000800589c                SPI2_IRQHandler
                0x000000000800589c                DMA1_Ch2_3_DMA2_Ch1_2_IRQHandler
                0x000000000800589c                DMA1_Ch4_7_DMA2_Ch3_5_IRQHandler
                0x000000000800589c                WWDG_IRQHandler
                0x000000000800589c                TIM2_IRQHandler
                0x000000000800589c                USART2_IRQHandler
                0x000000000800589c                FLASH_IRQHandler
                0x000000000800589c                USART1_IRQHandler
                0x000000000800589c                TIM1_BRK_UP_TRG_COM_IRQHandler
 *fill*         0x000000000800589e        0x2 
 .text.HAL_Init
                0x00000000080058a0       0x28 ./Drivers/STM32F0xx_HAL_Driver/Src/stm32f0xx_hal.o
                0x00000000080058a0                HAL_Init
 .text.HAL_InitTick
                0x00000000080058c8       0x68 ./Drivers/STM32F0xx_HAL_Driver/Src/stm32f0xx_hal.o
                0x00000000080058c8                HAL_InitTick
 .text.HAL_IncTick
                0x0000000008005930       0x24 ./Drivers/STM32F0xx_HAL_Driver/Src/stm32f0xx_hal.o
                0x0000000008005930                HAL_IncTick
 .text.HAL_GetTick
                0x0000000008005954       0x14 ./Drivers/STM32F0xx_HAL_Driver/Src/stm32f0xx_hal.o
                0x0000000008005954                HAL_GetTick
 .text.HAL_Delay
                0x0000000008005968       0x48 ./Drivers/STM32F0xx_HAL_Driver/Src/stm32f0xx_hal.o
                0x0000000008005968                HAL_Delay
 .text.__NVIC_SetPriority
                0x00000000080059b0       0xdc ./Drivers/STM32F0xx_HAL_Driver/Src/stm32f0xx_hal_cortex.o
 .text.SysTick_Config
                0x0000000008005a8c       0x48 ./Drivers/STM32F0xx_HAL_Driver/Src/stm32f0xx_hal_cortex.o
 .text.HAL_NVIC_SetPriority
                0x0000000008005ad4       0x2a ./Drivers/STM32F0xx_HAL_Driver/Src/stm32f0xx_hal_cortex.o
                0x0000000008005ad4                HAL_NVIC_SetPriority
 .text.HAL_SYSTICK_Config
                0x0000000008005afe       0x1a ./Drivers/STM32F0xx_HAL_Driver/Src/stm32f0xx_hal_cortex.o
                0x0000000008005afe                HAL_SYSTICK_Config
 .text.HAL_GPIO_Init
                0x0000000008005b18      0x2f0 ./Drivers/STM32F0xx_HAL_Driver/Src/stm32f0xx_hal_gpio.o
                0x0000000008005b18                HAL_GPIO_Init
 .text.HAL_GPIO_WritePin
                0x0000000008005e08       0x3a ./Drivers/STM32F0xx_HAL_Driver/Src/stm32f0xx_hal_gpio.o
                0x0000000008005e08                HAL_GPIO_WritePin
 *fill*         0x0000000008005e42        0x2 
 .text.HAL_I2C_Init
                0x0000000008005e44      0x12c ./Drivers/STM32F0xx_HAL_Driver/Src/stm32f0xx_hal_i2c.o
                0x0000000008005e44                HAL_I2C_Init
 .text.HAL_I2C_Master_Transmit
                0x0000000008005f70      0x210 ./Drivers/STM32F0xx_HAL_Driver/Src/stm32f0xx_hal_i2c.o
                0x0000000008005f70                HAL_I2C_Master_Transmit
 .text.HAL_I2C_Master_Receive
                0x0000000008006180      0x210 ./Drivers/STM32F0xx_HAL_Driver/Src/stm32f0xx_hal_i2c.o
                0x0000000008006180                HAL_I2C_Master_Receive
 .text.I2C_Flush_TXDR
                0x0000000008006390       0x44 ./Drivers/STM32F0xx_HAL_Driver/Src/stm32f0xx_hal_i2c.o
 .text.I2C_WaitOnFlagUntilTimeout
                0x00000000080063d4       0x9c ./Drivers/STM32F0xx_HAL_Driver/Src/stm32f0xx_hal_i2c.o
 .text.I2C_WaitOnTXISFlagUntilTimeout
                0x0000000008006470       0x8c ./Drivers/STM32F0xx_HAL_Driver/Src/stm32f0xx_hal_i2c.o
 .text.I2C_WaitOnSTOPFlagUntilTimeout
                0x00000000080064fc       0x86 ./Drivers/STM32F0xx_HAL_Driver/Src/stm32f0xx_hal_i2c.o
 *fill*         0x0000000008006582        0x2 
 .text.I2C_WaitOnRXNEFlagUntilTimeout
                0x0000000008006584      0x104 ./Drivers/STM32F0xx_HAL_Driver/Src/stm32f0xx_hal_i2c.o
 .text.I2C_IsErrorOccurred
                0x0000000008006688      0x200 ./Drivers/STM32F0xx_HAL_Driver/Src/stm32f0xx_hal_i2c.o
 .text.I2C_TransferConfig
                0x0000000008006888       0x74 ./Drivers/STM32F0xx_HAL_Driver/Src/stm32f0xx_hal_i2c.o
 .text.HAL_I2CEx_ConfigAnalogFilter
                0x00000000080068fc       0x98 ./Drivers/STM32F0xx_HAL_Driver/Src/stm32f0xx_hal_i2c_ex.o
                0x00000000080068fc                HAL_I2CEx_ConfigAnalogFilter
 .text.HAL_I2CEx_ConfigDigitalFilter
                0x0000000008006994       0x98 ./Drivers/STM32F0xx_HAL_Driver/Src/stm32f0xx_hal_i2c_ex.o
                0x0000000008006994                HAL_I2CEx_ConfigDigitalFilter
 .text.HAL_RCC_OscConfig
                0x0000000008006a2c      0x70c ./Drivers/STM32F0xx_HAL_Driver/Src/stm32f0xx_hal_rcc.o
                0x0000000008006a2c                HAL_RCC_OscConfig
 .text.HAL_RCC_ClockConfig
                0x0000000008007138      0x1b4 ./Drivers/STM32F0xx_HAL_Driver/Src/stm32f0xx_hal_rcc.o
                0x0000000008007138                HAL_RCC_ClockConfig
 .text.HAL_RCC_GetSysClockFreq
                0x00000000080072ec       0xe4 ./Drivers/STM32F0xx_HAL_Driver/Src/stm32f0xx_hal_rcc.o
                0x00000000080072ec                HAL_RCC_GetSysClockFreq
 .text.HAL_RCC_GetHCLKFreq
                0x00000000080073d0       0x14 ./Drivers/STM32F0xx_HAL_Driver/Src/stm32f0xx_hal_rcc.o
                0x00000000080073d0                HAL_RCC_GetHCLKFreq
 .text.HAL_RCC_GetPCLK1Freq
                0x00000000080073e4       0x2c ./Drivers/STM32F0xx_HAL_Driver/Src/stm32f0xx_hal_rcc.o
                0x00000000080073e4                HAL_RCC_GetPCLK1Freq
 .text.HAL_RCCEx_PeriphCLKConfig
                0x0000000008007410      0x200 ./Drivers/STM32F0xx_HAL_Driver/Src/stm32f0xx_hal_rcc_ex.o
                0x0000000008007410                HAL_RCCEx_PeriphCLKConfig
 .text.HAL_SPI_Init
                0x0000000008007610      0x170 ./Drivers/STM32F0xx_HAL_Driver/Src/stm32f0xx_hal_spi.o
                0x0000000008007610                HAL_SPI_Init
 .text.HAL_SPI_TransmitReceive
                0x0000000008007780      0x3c4 ./Drivers/STM32F0xx_HAL_Driver/Src/stm32f0xx_hal_spi.o
                0x0000000008007780                HAL_SPI_TransmitReceive
 .text.SPI_WaitFlagStateUntilTimeout
                0x0000000008007b44      0x11c ./Drivers/STM32F0xx_HAL_Driver/Src/stm32f0xx_hal_spi.o
 .text.SPI_WaitFifoStateUntilTimeout
                0x0000000008007c60      0x144 ./Drivers/STM32F0xx_HAL_Driver/Src/stm32f0xx_hal_spi.o
 .text.SPI_EndRxTxTransaction
                0x0000000008007da4       0x8c ./Drivers/STM32F0xx_HAL_Driver/Src/stm32f0xx_hal_spi.o
 .text.HAL_TIM_Base_Init
                0x0000000008007e30       0xa0 ./Drivers/STM32F0xx_HAL_Driver/Src/stm32f0xx_hal_tim.o
                0x0000000008007e30                HAL_TIM_Base_Init
 .text.HAL_TIM_ConfigClockSource
                0x0000000008007ed0      0x1a8 ./Drivers/STM32F0xx_HAL_Driver/Src/stm32f0xx_hal_tim.o
                0x0000000008007ed0                HAL_TIM_ConfigClockSource
 .text.TIM_Base_SetConfig
                0x0000000008008078      0x100 ./Drivers/STM32F0xx_HAL_Driver/Src/stm32f0xx_hal_tim.o
                0x0000000008008078                TIM_Base_SetConfig
 .text.TIM_TI1_ConfigInputStage
                0x0000000008008178       0x5c ./Drivers/STM32F0xx_HAL_Driver/Src/stm32f0xx_hal_tim.o
 .text.TIM_TI2_ConfigInputStage
                0x00000000080081d4       0x64 ./Drivers/STM32F0xx_HAL_Driver/Src/stm32f0xx_hal_tim.o
 .text.TIM_ITRx_SetConfig
                0x0000000008008238       0x32 ./Drivers/STM32F0xx_HAL_Driver/Src/stm32f0xx_hal_tim.o
 *fill*         0x000000000800826a        0x2 
 .text.TIM_ETR_SetConfig
                0x000000000800826c       0x40 ./Drivers/STM32F0xx_HAL_Driver/Src/stm32f0xx_hal_tim.o
                0x000000000800826c                TIM_ETR_SetConfig
 .text.HAL_TIMEx_MasterConfigSynchronization
                0x00000000080082ac       0xbc ./Drivers/STM32F0xx_HAL_Driver/Src/stm32f0xx_hal_tim_ex.o
                0x00000000080082ac                HAL_TIMEx_MasterConfigSynchronization
 .text.HAL_UART_Init
                0x0000000008008368       0xa8 ./Drivers/STM32F0xx_HAL_Driver/Src/stm32f0xx_hal_uart.o
                0x0000000008008368                HAL_UART_Init
 .text.HAL_UART_Transmit
                0x0000000008008410      0x140 ./Drivers/STM32F0xx_HAL_Driver/Src/stm32f0xx_hal_uart.o
                0x0000000008008410                HAL_UART_Transmit
 .text.HAL_UART_Receive
                0x0000000008008550      0x1d0 ./Drivers/STM32F0xx_HAL_Driver/Src/stm32f0xx_hal_uart.o
                0x0000000008008550                HAL_UART_Receive
 .text.UART_SetConfig
                0x0000000008008720      0x3d0 ./Drivers/STM32F0xx_HAL_Driver/Src/stm32f0xx_hal_uart.o
                0x0000000008008720                UART_SetConfig
 .text.UART_AdvFeatureConfig
                0x0000000008008af0      0x168 ./Drivers/STM32F0xx_HAL_Driver/Src/stm32f0xx_hal_uart.o
                0x0000000008008af0                UART_AdvFeatureConfig
 .text.UART_CheckIdleState
                0x0000000008008c58      0x150 ./Drivers/STM32F0xx_HAL_Driver/Src/stm32f0xx_hal_uart.o
                0x0000000008008c58                UART_CheckIdleState
 .text.UART_WaitOnFlagUntilTimeout
                0x0000000008008da8       0xd2 ./Drivers/STM32F0xx_HAL_Driver/Src/stm32f0xx_hal_uart.o
                0x0000000008008da8                UART_WaitOnFlagUntilTimeout
 *fill*         0x0000000008008e7a        0x2 
 .text.UART_EndRxTransfer
                0x0000000008008e7c       0xc8 ./Drivers/STM32F0xx_HAL_Driver/Src/stm32f0xx_hal_uart.o
 .text._ZdlPvj  0x0000000008008f44        0x8 /opt/st/stm32cubeide_1.13.2/plugins/com.st.stm32cube.ide.mcu.externaltools.gnu-tools-for-stm32.11.3.rel1.linux64_1.1.1.202309131626/tools/bin/../lib/gcc/arm-none-eabi/11.3.1/../../../../arm-none-eabi/lib/thumb/v6-m/nofp/libstdc++_nano.a(del_ops.o)
                0x0000000008008f44                operator delete(void*, unsigned int)
 .text._Znwj    0x0000000008008f4c       0x24 /opt/st/stm32cubeide_1.13.2/plugins/com.st.stm32cube.ide.mcu.externaltools.gnu-tools-for-stm32.11.3.rel1.linux64_1.1.1.202309131626/tools/bin/../lib/gcc/arm-none-eabi/11.3.1/../../../../arm-none-eabi/lib/thumb/v6-m/nofp/libstdc++_nano.a(new_op.o)
                0x0000000008008f4c                operator new(unsigned int)
 .text._ZNSaIcEC2Ev
                0x0000000008008f70        0x2 /opt/st/stm32cubeide_1.13.2/plugins/com.st.stm32cube.ide.mcu.externaltools.gnu-tools-for-stm32.11.3.rel1.linux64_1.1.1.202309131626/tools/bin/../lib/gcc/arm-none-eabi/11.3.1/../../../../arm-none-eabi/lib/thumb/v6-m/nofp/libstdc++_nano.a(allocator-inst.o)
                0x0000000008008f70                std::allocator<char>::allocator()
                0x0000000008008f70                std::allocator<char>::allocator()
 .text._ZNSaIcED2Ev
                0x0000000008008f72        0x2 /opt/st/stm32cubeide_1.13.2/plugins/com.st.stm32cube.ide.mcu.externaltools.gnu-tools-for-stm32.11.3.rel1.linux64_1.1.1.202309131626/tools/bin/../lib/gcc/arm-none-eabi/11.3.1/../../../../arm-none-eabi/lib/thumb/v6-m/nofp/libstdc++_nano.a(allocator-inst.o)
                0x0000000008008f72                std::allocator<char>::~allocator()
                0x0000000008008f72                std::allocator<char>::~allocator()
 .text._ZNSt11char_traitsIcE4copyEPcPKcj.isra.0
                0x0000000008008f74        0xc /opt/st/stm32cubeide_1.13.2/plugins/com.st.stm32cube.ide.mcu.externaltools.gnu-tools-for-stm32.11.3.rel1.linux64_1.1.1.202309131626/tools/bin/../lib/gcc/arm-none-eabi/11.3.1/../../../../arm-none-eabi/lib/thumb/v6-m/nofp/libstdc++_nano.a(string-inst.o)
 .text._ZNSt11char_traitsIcE7compareEPKcS2_j
                0x0000000008008f80       0x12 /opt/st/stm32cubeide_1.13.2/plugins/com.st.stm32cube.ide.mcu.externaltools.gnu-tools-for-stm32.11.3.rel1.linux64_1.1.1.202309131626/tools/bin/../lib/gcc/arm-none-eabi/11.3.1/../../../../arm-none-eabi/lib/thumb/v6-m/nofp/libstdc++_nano.a(string-inst.o)
                0x0000000008008f80                std::char_traits<char>::compare(char const*, char const*, unsigned int)
 *fill*         0x0000000008008f92        0x2 
 .text._ZNSt7__cxx1112basic_stringIcSt11char_traitsIcESaIcEE9_M_createERjj
                0x0000000008008f94       0x40 /opt/st/stm32cubeide_1.13.2/plugins/com.st.stm32cube.ide.mcu.externaltools.gnu-tools-for-stm32.11.3.rel1.linux64_1.1.1.202309131626/tools/bin/../lib/gcc/arm-none-eabi/11.3.1/../../../../arm-none-eabi/lib/thumb/v6-m/nofp/libstdc++_nano.a(string-inst.o)
                0x0000000008008f94                std::__cxx11::basic_string<char, std::char_traits<char>, std::allocator<char> >::_M_create(unsigned int&, unsigned int)
 .text._ZNSt7__cxx1112basic_stringIcSt11char_traitsIcESaIcEE10_M_disposeEv
                0x0000000008008fd4       0x12 /opt/st/stm32cubeide_1.13.2/plugins/com.st.stm32cube.ide.mcu.externaltools.gnu-tools-for-stm32.11.3.rel1.linux64_1.1.1.202309131626/tools/bin/../lib/gcc/arm-none-eabi/11.3.1/../../../../arm-none-eabi/lib/thumb/v6-m/nofp/libstdc++_nano.a(string-inst.o)
                0x0000000008008fd4                std::__cxx11::basic_string<char, std::char_traits<char>, std::allocator<char> >::_M_dispose()
 .text._ZNSt7__cxx1112basic_stringIcSt11char_traitsIcESaIcEE7_S_copyEPcPKcj
                0x0000000008008fe6       0x12 /opt/st/stm32cubeide_1.13.2/plugins/com.st.stm32cube.ide.mcu.externaltools.gnu-tools-for-stm32.11.3.rel1.linux64_1.1.1.202309131626/tools/bin/../lib/gcc/arm-none-eabi/11.3.1/../../../../arm-none-eabi/lib/thumb/v6-m/nofp/libstdc++_nano.a(string-inst.o)
                0x0000000008008fe6                std::__cxx11::basic_string<char, std::char_traits<char>, std::allocator<char> >::_S_copy(char*, char const*, unsigned int)
 .text._ZNSt7__cxx1112basic_stringIcSt11char_traitsIcESaIcEE13_S_copy_charsEPcPKcS7_
                0x0000000008008ff8        0xa /opt/st/stm32cubeide_1.13.2/plugins/com.st.stm32cube.ide.mcu.externaltools.gnu-tools-for-stm32.11.3.rel1.linux64_1.1.1.202309131626/tools/bin/../lib/gcc/arm-none-eabi/11.3.1/../../../../arm-none-eabi/lib/thumb/v6-m/nofp/libstdc++_nano.a(string-inst.o)
                0x0000000008008ff8                std::__cxx11::basic_string<char, std::char_traits<char>, std::allocator<char> >::_S_copy_chars(char*, char const*, char const*)
 .text._ZNSt7__cxx1112basic_stringIcSt11char_traitsIcESaIcEE9_M_mutateEjjPKcj
                0x0000000008009002       0x7c /opt/st/stm32cubeide_1.13.2/plugins/com.st.stm32cube.ide.mcu.externaltools.gnu-tools-for-stm32.11.3.rel1.linux64_1.1.1.202309131626/tools/bin/../lib/gcc/arm-none-eabi/11.3.1/../../../../arm-none-eabi/lib/thumb/v6-m/nofp/libstdc++_nano.a(string-inst.o)
                0x0000000008009002                std::__cxx11::basic_string<char, std::char_traits<char>, std::allocator<char> >::_M_mutate(unsigned int, unsigned int, char const*, unsigned int)
 .text._ZNSt7__cxx1112basic_stringIcSt11char_traitsIcESaIcEEC2Ev
                0x000000000800907e        0xe /opt/st/stm32cubeide_1.13.2/plugins/com.st.stm32cube.ide.mcu.externaltools.gnu-tools-for-stm32.11.3.rel1.linux64_1.1.1.202309131626/tools/bin/../lib/gcc/arm-none-eabi/11.3.1/../../../../arm-none-eabi/lib/thumb/v6-m/nofp/libstdc++_nano.a(string-inst.o)
                0x000000000800907e                std::__cxx11::basic_string<char, std::char_traits<char>, std::allocator<char> >::basic_string()
                0x000000000800907e                std::__cxx11::basic_string<char, std::char_traits<char>, std::allocator<char> >::basic_string()
 .text._ZNSt7__cxx1112basic_stringIcSt11char_traitsIcESaIcEED2Ev
                0x000000000800908c        0xc /opt/st/stm32cubeide_1.13.2/plugins/com.st.stm32cube.ide.mcu.externaltools.gnu-tools-for-stm32.11.3.rel1.linux64_1.1.1.202309131626/tools/bin/../lib/gcc/arm-none-eabi/11.3.1/../../../../arm-none-eabi/lib/thumb/v6-m/nofp/libstdc++_nano.a(string-inst.o)
                0x000000000800908c                std::__cxx11::basic_string<char, std::char_traits<char>, std::allocator<char> >::~basic_string()
                0x000000000800908c                std::__cxx11::basic_string<char, std::char_traits<char>, std::allocator<char> >::~basic_string()
 .text._ZNSt7__cxx1112basic_stringIcSt11char_traitsIcESaIcEEaSEOS4_
                0x0000000008009098       0x5a /opt/st/stm32cubeide_1.13.2/plugins/com.st.stm32cube.ide.mcu.externaltools.gnu-tools-for-stm32.11.3.rel1.linux64_1.1.1.202309131626/tools/bin/../lib/gcc/arm-none-eabi/11.3.1/../../../../arm-none-eabi/lib/thumb/v6-m/nofp/libstdc++_nano.a(string-inst.o)
                0x0000000008009098                std::__cxx11::basic_string<char, std::char_traits<char>, std::allocator<char> >::operator=(std::__cxx11::basic_string<char, std::char_traits<char>, std::allocator<char> >&&)
 .text._ZNSt7__cxx1112basic_stringIcSt11char_traitsIcESaIcEE9push_backEc
                0x00000000080090f2       0x3a /opt/st/stm32cubeide_1.13.2/plugins/com.st.stm32cube.ide.mcu.externaltools.gnu-tools-for-stm32.11.3.rel1.linux64_1.1.1.202309131626/tools/bin/../lib/gcc/arm-none-eabi/11.3.1/../../../../arm-none-eabi/lib/thumb/v6-m/nofp/libstdc++_nano.a(string-inst.o)
                0x00000000080090f2                std::__cxx11::basic_string<char, std::char_traits<char>, std::allocator<char> >::push_back(char)
 .text._ZNSt7__cxx1112basic_stringIcSt11char_traitsIcESaIcEEpLEc
                0x000000000800912c        0xc /opt/st/stm32cubeide_1.13.2/plugins/com.st.stm32cube.ide.mcu.externaltools.gnu-tools-for-stm32.11.3.rel1.linux64_1.1.1.202309131626/tools/bin/../lib/gcc/arm-none-eabi/11.3.1/../../../../arm-none-eabi/lib/thumb/v6-m/nofp/libstdc++_nano.a(string-inst.o)
                0x000000000800912c                std::__cxx11::basic_string<char, std::char_traits<char>, std::allocator<char> >::operator+=(char)
 .text._ZNKSt7__cxx1112basic_stringIcSt11char_traitsIcESaIcEE7compareEPKc
                0x0000000008009138       0x28 /opt/st/stm32cubeide_1.13.2/plugins/com.st.stm32cube.ide.mcu.externaltools.gnu-tools-for-stm32.11.3.rel1.linux64_1.1.1.202309131626/tools/bin/../lib/gcc/arm-none-eabi/11.3.1/../../../../arm-none-eabi/lib/thumb/v6-m/nofp/libstdc++_nano.a(string-inst.o)
                0x0000000008009138                std::__cxx11::basic_string<char, std::char_traits<char>, std::allocator<char> >::compare(char const*) const
 .text._ZNSt7__cxx1112basic_stringIcSt11char_traitsIcESaIcEE12_M_constructIPKcEEvT_S8_St20forward_iterator_tag
                0x0000000008009160       0x48 /opt/st/stm32cubeide_1.13.2/plugins/com.st.stm32cube.ide.mcu.externaltools.gnu-tools-for-stm32.11.3.rel1.linux64_1.1.1.202309131626/tools/bin/../lib/gcc/arm-none-eabi/11.3.1/../../../../arm-none-eabi/lib/thumb/v6-m/nofp/libstdc++_nano.a(string-inst.o)
                0x0000000008009160                void std::__cxx11::basic_string<char, std::char_traits<char>, std::allocator<char> >::_M_construct<char const*>(char const*, char const*, std::forward_iterator_tag)
 .text._ZNSt7__cxx1112basic_stringIcSt11char_traitsIcESaIcEEC2EPKcRKS3_
                0x00000000080091a8       0x26 /opt/st/stm32cubeide_1.13.2/plugins/com.st.stm32cube.ide.mcu.externaltools.gnu-tools-for-stm32.11.3.rel1.linux64_1.1.1.202309131626/tools/bin/../lib/gcc/arm-none-eabi/11.3.1/../../../../arm-none-eabi/lib/thumb/v6-m/nofp/libstdc++_nano.a(string-inst.o)
                0x00000000080091a8                std::__cxx11::basic_string<char, std::char_traits<char>, std::allocator<char> >::basic_string(char const*, std::allocator<char> const&)
                0x00000000080091a8                std::__cxx11::basic_string<char, std::char_traits<char>, std::allocator<char> >::basic_string(char const*, std::allocator<char> const&)
 .text._ZdlPv   0x00000000080091ce        0x8 /opt/st/stm32cubeide_1.13.2/plugins/com.st.stm32cube.ide.mcu.externaltools.gnu-tools-for-stm32.11.3.rel1.linux64_1.1.1.202309131626/tools/bin/../lib/gcc/arm-none-eabi/11.3.1/../../../../arm-none-eabi/lib/thumb/v6-m/nofp/libstdc++_nano.a(del_op.o)
                0x00000000080091ce                operator delete(void*)
 *fill*         0x00000000080091d6        0x2 
 .text._ZSt15get_new_handlerv
                0x00000000080091d8        0xc /opt/st/stm32cubeide_1.13.2/plugins/com.st.stm32cube.ide.mcu.externaltools.gnu-tools-for-stm32.11.3.rel1.linux64_1.1.1.202309131626/tools/bin/../lib/gcc/arm-none-eabi/11.3.1/../../../../arm-none-eabi/lib/thumb/v6-m/nofp/libstdc++_nano.a(new_handler.o)
                0x00000000080091d8                std::get_new_handler()
 .text.unlikely._ZSt17__throw_bad_allocv
                0x00000000080091e4        0x6 /opt/st/stm32cubeide_1.13.2/plugins/com.st.stm32cube.ide.mcu.externaltools.gnu-tools-for-stm32.11.3.rel1.linux64_1.1.1.202309131626/tools/bin/../lib/gcc/arm-none-eabi/11.3.1/../../../../arm-none-eabi/lib/thumb/v6-m/nofp/libstdc++_nano.a(functexcept.o)
                0x00000000080091e4                std::__throw_bad_alloc()
 .text.unlikely._ZSt19__throw_logic_errorPKc
                0x00000000080091ea        0x6 /opt/st/stm32cubeide_1.13.2/plugins/com.st.stm32cube.ide.mcu.externaltools.gnu-tools-for-stm32.11.3.rel1.linux64_1.1.1.202309131626/tools/bin/../lib/gcc/arm-none-eabi/11.3.1/../../../../arm-none-eabi/lib/thumb/v6-m/nofp/libstdc++_nano.a(functexcept.o)
                0x00000000080091ea                std::__throw_logic_error(char const*)
 .text.unlikely._ZSt20__throw_length_errorPKc
                0x00000000080091f0        0x6 /opt/st/stm32cubeide_1.13.2/plugins/com.st.stm32cube.ide.mcu.externaltools.gnu-tools-for-stm32.11.3.rel1.linux64_1.1.1.202309131626/tools/bin/../lib/gcc/arm-none-eabi/11.3.1/../../../../arm-none-eabi/lib/thumb/v6-m/nofp/libstdc++_nano.a(functexcept.o)
                0x00000000080091f0                std::__throw_length_error(char const*)
 .text.abort    0x00000000080091f6        0xe /opt/st/stm32cubeide_1.13.2/plugins/com.st.stm32cube.ide.mcu.externaltools.gnu-tools-for-stm32.11.3.rel1.linux64_1.1.1.202309131626/tools/bin/../lib/gcc/arm-none-eabi/11.3.1/../../../../arm-none-eabi/lib/thumb/v6-m/nofp/libc_nano.a(libc_a-abort.o)
                0x00000000080091f6                abort
 .text.malloc   0x0000000008009204       0x14 /opt/st/stm32cubeide_1.13.2/plugins/com.st.stm32cube.ide.mcu.externaltools.gnu-tools-for-stm32.11.3.rel1.linux64_1.1.1.202309131626/tools/bin/../lib/gcc/arm-none-eabi/11.3.1/../../../../arm-none-eabi/lib/thumb/v6-m/nofp/libc_nano.a(libc_a-malloc.o)
                0x0000000008009204                malloc
 .text.free     0x0000000008009218       0x14 /opt/st/stm32cubeide_1.13.2/plugins/com.st.stm32cube.ide.mcu.externaltools.gnu-tools-for-stm32.11.3.rel1.linux64_1.1.1.202309131626/tools/bin/../lib/gcc/arm-none-eabi/11.3.1/../../../../arm-none-eabi/lib/thumb/v6-m/nofp/libc_nano.a(libc_a-malloc.o)
                0x0000000008009218                free
 .text.sbrk_aligned
                0x000000000800922c       0x44 /opt/st/stm32cubeide_1.13.2/plugins/com.st.stm32cube.ide.mcu.externaltools.gnu-tools-for-stm32.11.3.rel1.linux64_1.1.1.202309131626/tools/bin/../lib/gcc/arm-none-eabi/11.3.1/../../../../arm-none-eabi/lib/thumb/v6-m/nofp/libc_nano.a(libc_a-mallocr.o)
 .text._malloc_r
                0x0000000008009270      0x104 /opt/st/stm32cubeide_1.13.2/plugins/com.st.stm32cube.ide.mcu.externaltools.gnu-tools-for-stm32.11.3.rel1.linux64_1.1.1.202309131626/tools/bin/../lib/gcc/arm-none-eabi/11.3.1/../../../../arm-none-eabi/lib/thumb/v6-m/nofp/libc_nano.a(libc_a-mallocr.o)
                0x0000000008009270                _malloc_r
 .text.__malloc_lock
                0x0000000008009374       0x10 /opt/st/stm32cubeide_1.13.2/plugins/com.st.stm32cube.ide.mcu.externaltools.gnu-tools-for-stm32.11.3.rel1.linux64_1.1.1.202309131626/tools/bin/../lib/gcc/arm-none-eabi/11.3.1/../../../../arm-none-eabi/lib/thumb/v6-m/nofp/libc_nano.a(libc_a-mlock.o)
                0x0000000008009374                __malloc_lock
 .text.__malloc_unlock
                0x0000000008009384       0x10 /opt/st/stm32cubeide_1.13.2/plugins/com.st.stm32cube.ide.mcu.externaltools.gnu-tools-for-stm32.11.3.rel1.linux64_1.1.1.202309131626/tools/bin/../lib/gcc/arm-none-eabi/11.3.1/../../../../arm-none-eabi/lib/thumb/v6-m/nofp/libc_nano.a(libc_a-mlock.o)
                0x0000000008009384                __malloc_unlock
 .text.sprintf  0x0000000008009394       0x40 /opt/st/stm32cubeide_1.13.2/plugins/com.st.stm32cube.ide.mcu.externaltools.gnu-tools-for-stm32.11.3.rel1.linux64_1.1.1.202309131626/tools/bin/../lib/gcc/arm-none-eabi/11.3.1/../../../../arm-none-eabi/lib/thumb/v6-m/nofp/libc_nano.a(libc_a-sprintf.o)
                0x0000000008009394                sprintf
                0x0000000008009394                siprintf
 .text.memcmp   0x00000000080093d4       0x1c /opt/st/stm32cubeide_1.13.2/plugins/com.st.stm32cube.ide.mcu.externaltools.gnu-tools-for-stm32.11.3.rel1.linux64_1.1.1.202309131626/tools/bin/../lib/gcc/arm-none-eabi/11.3.1/../../../../arm-none-eabi/lib/thumb/v6-m/nofp/libc_nano.a(libc_a-memcmp.o)
                0x00000000080093d4                memcmp
 .text.memmove  0x00000000080093f0       0x26 /opt/st/stm32cubeide_1.13.2/plugins/com.st.stm32cube.ide.mcu.externaltools.gnu-tools-for-stm32.11.3.rel1.linux64_1.1.1.202309131626/tools/bin/../lib/gcc/arm-none-eabi/11.3.1/../../../../arm-none-eabi/lib/thumb/v6-m/nofp/libc_nano.a(libc_a-memmove.o)
                0x00000000080093f0                memmove
 .text.memset   0x0000000008009416       0x10 /opt/st/stm32cubeide_1.13.2/plugins/com.st.stm32cube.ide.mcu.externaltools.gnu-tools-for-stm32.11.3.rel1.linux64_1.1.1.202309131626/tools/bin/../lib/gcc/arm-none-eabi/11.3.1/../../../../arm-none-eabi/lib/thumb/v6-m/nofp/libc_nano.a(libc_a-memset.o)
                0x0000000008009416                memset
 .text._raise_r
                0x0000000008009426       0x54 /opt/st/stm32cubeide_1.13.2/plugins/com.st.stm32cube.ide.mcu.externaltools.gnu-tools-for-stm32.11.3.rel1.linux64_1.1.1.202309131626/tools/bin/../lib/gcc/arm-none-eabi/11.3.1/../../../../arm-none-eabi/lib/thumb/v6-m/nofp/libc_nano.a(libc_a-signal.o)
                0x0000000008009426                _raise_r
 *fill*         0x000000000800947a        0x2 
 .text.raise    0x000000000800947c       0x14 /opt/st/stm32cubeide_1.13.2/plugins/com.st.stm32cube.ide.mcu.externaltools.gnu-tools-for-stm32.11.3.rel1.linux64_1.1.1.202309131626/tools/bin/../lib/gcc/arm-none-eabi/11.3.1/../../../../arm-none-eabi/lib/thumb/v6-m/nofp/libc_nano.a(libc_a-signal.o)
                0x000000000800947c                raise
 .text._kill_r  0x0000000008009490       0x24 /opt/st/stm32cubeide_1.13.2/plugins/com.st.stm32cube.ide.mcu.externaltools.gnu-tools-for-stm32.11.3.rel1.linux64_1.1.1.202309131626/tools/bin/../lib/gcc/arm-none-eabi/11.3.1/../../../../arm-none-eabi/lib/thumb/v6-m/nofp/libc_nano.a(libc_a-signalr.o)
                0x0000000008009490                _kill_r
 .text._getpid_r
                0x00000000080094b4        0x8 /opt/st/stm32cubeide_1.13.2/plugins/com.st.stm32cube.ide.mcu.externaltools.gnu-tools-for-stm32.11.3.rel1.linux64_1.1.1.202309131626/tools/bin/../lib/gcc/arm-none-eabi/11.3.1/../../../../arm-none-eabi/lib/thumb/v6-m/nofp/libc_nano.a(libc_a-signalr.o)
                0x00000000080094b4                _getpid_r
 .text._sbrk_r  0x00000000080094bc       0x24 /opt/st/stm32cubeide_1.13.2/plugins/com.st.stm32cube.ide.mcu.externaltools.gnu-tools-for-stm32.11.3.rel1.linux64_1.1.1.202309131626/tools/bin/../lib/gcc/arm-none-eabi/11.3.1/../../../../arm-none-eabi/lib/thumb/v6-m/nofp/libc_nano.a(libc_a-sbrkr.o)
                0x00000000080094bc                _sbrk_r
 .text.__errno  0x00000000080094e0        0xc /opt/st/stm32cubeide_1.13.2/plugins/com.st.stm32cube.ide.mcu.externaltools.gnu-tools-for-stm32.11.3.rel1.linux64_1.1.1.202309131626/tools/bin/../lib/gcc/arm-none-eabi/11.3.1/../../../../arm-none-eabi/lib/thumb/v6-m/nofp/libc_nano.a(libc_a-errno.o)
                0x00000000080094e0                __errno
 .text.__libc_init_array
                0x00000000080094ec       0x48 /opt/st/stm32cubeide_1.13.2/plugins/com.st.stm32cube.ide.mcu.externaltools.gnu-tools-for-stm32.11.3.rel1.linux64_1.1.1.202309131626/tools/bin/../lib/gcc/arm-none-eabi/11.3.1/../../../../arm-none-eabi/lib/thumb/v6-m/nofp/libc_nano.a(libc_a-init.o)
                0x00000000080094ec                __libc_init_array
 .text.__retarget_lock_acquire_recursive
                0x0000000008009534        0x2 /opt/st/stm32cubeide_1.13.2/plugins/com.st.stm32cube.ide.mcu.externaltools.gnu-tools-for-stm32.11.3.rel1.linux64_1.1.1.202309131626/tools/bin/../lib/gcc/arm-none-eabi/11.3.1/../../../../arm-none-eabi/lib/thumb/v6-m/nofp/libc_nano.a(libc_a-lock.o)
                0x0000000008009534                __retarget_lock_acquire_recursive
 .text.__retarget_lock_release_recursive
                0x0000000008009536        0x2 /opt/st/stm32cubeide_1.13.2/plugins/com.st.stm32cube.ide.mcu.externaltools.gnu-tools-for-stm32.11.3.rel1.linux64_1.1.1.202309131626/tools/bin/../lib/gcc/arm-none-eabi/11.3.1/../../../../arm-none-eabi/lib/thumb/v6-m/nofp/libc_nano.a(libc_a-lock.o)
                0x0000000008009536                __retarget_lock_release_recursive
 .text.memchr   0x0000000008009538       0x16 /opt/st/stm32cubeide_1.13.2/plugins/com.st.stm32cube.ide.mcu.externaltools.gnu-tools-for-stm32.11.3.rel1.linux64_1.1.1.202309131626/tools/bin/../lib/gcc/arm-none-eabi/11.3.1/../../../../arm-none-eabi/lib/thumb/v6-m/nofp/libc_nano.a(libc_a-memchr-stub.o)
                0x0000000008009538                memchr
 .text.memcpy   0x000000000800954e       0x12 /opt/st/stm32cubeide_1.13.2/plugins/com.st.stm32cube.ide.mcu.externaltools.gnu-tools-for-stm32.11.3.rel1.linux64_1.1.1.202309131626/tools/bin/../lib/gcc/arm-none-eabi/11.3.1/../../../../arm-none-eabi/lib/thumb/v6-m/nofp/libc_nano.a(libc_a-memcpy-stub.o)
                0x000000000800954e                memcpy
 .text._free_r  0x0000000008009560       0x94 /opt/st/stm32cubeide_1.13.2/plugins/com.st.stm32cube.ide.mcu.externaltools.gnu-tools-for-stm32.11.3.rel1.linux64_1.1.1.202309131626/tools/bin/../lib/gcc/arm-none-eabi/11.3.1/../../../../arm-none-eabi/lib/thumb/v6-m/nofp/libc_nano.a(libc_a-freer.o)
                0x0000000008009560                _free_r
 .text.__ssputs_r
                0x00000000080095f4       0xc4 /opt/st/stm32cubeide_1.13.2/plugins/com.st.stm32cube.ide.mcu.externaltools.gnu-tools-for-stm32.11.3.rel1.linux64_1.1.1.202309131626/tools/bin/../lib/gcc/arm-none-eabi/11.3.1/../../../../arm-none-eabi/lib/thumb/v6-m/nofp/libc_nano.a(libc_a-nano-svfprintf.o)
                0x00000000080095f4                __ssputs_r
 .text._svfprintf_r
                0x00000000080096b8      0x200 /opt/st/stm32cubeide_1.13.2/plugins/com.st.stm32cube.ide.mcu.externaltools.gnu-tools-for-stm32.11.3.rel1.linux64_1.1.1.202309131626/tools/bin/../lib/gcc/arm-none-eabi/11.3.1/../../../../arm-none-eabi/lib/thumb/v6-m/nofp/libc_nano.a(libc_a-nano-svfprintf.o)
                0x00000000080096b8                _svfprintf_r
                0x00000000080096b8                _svfiprintf_r
 .text._printf_common
                0x00000000080098b8       0xde /opt/st/stm32cubeide_1.13.2/plugins/com.st.stm32cube.ide.mcu.externaltools.gnu-tools-for-stm32.11.3.rel1.linux64_1.1.1.202309131626/tools/bin/../lib/gcc/arm-none-eabi/11.3.1/../../../../arm-none-eabi/lib/thumb/v6-m/nofp/libc_nano.a(libc_a-nano-vfprintf_i.o)
                0x00000000080098b8                _printf_common
 *fill*         0x0000000008009996        0x2 
 .text._printf_i
                0x0000000008009998      0x220 /opt/st/stm32cubeide_1.13.2/plugins/com.st.stm32cube.ide.mcu.externaltools.gnu-tools-for-stm32.11.3.rel1.linux64_1.1.1.202309131626/tools/bin/../lib/gcc/arm-none-eabi/11.3.1/../../../../arm-none-eabi/lib/thumb/v6-m/nofp/libc_nano.a(libc_a-nano-vfprintf_i.o)
                0x0000000008009998                _printf_i
 .text._realloc_r
                0x0000000008009bb8       0x5e /opt/st/stm32cubeide_1.13.2/plugins/com.st.stm32cube.ide.mcu.externaltools.gnu-tools-for-stm32.11.3.rel1.linux64_1.1.1.202309131626/tools/bin/../lib/gcc/arm-none-eabi/11.3.1/../../../../arm-none-eabi/lib/thumb/v6-m/nofp/libc_nano.a(libc_a-reallocr.o)
                0x0000000008009bb8                _realloc_r
 .text._malloc_usable_size_r
                0x0000000008009c16       0x10 /opt/st/stm32cubeide_1.13.2/plugins/com.st.stm32cube.ide.mcu.externaltools.gnu-tools-for-stm32.11.3.rel1.linux64_1.1.1.202309131626/tools/bin/../lib/gcc/arm-none-eabi/11.3.1/../../../../arm-none-eabi/lib/thumb/v6-m/nofp/libc_nano.a(libc_a-msizer.o)
                0x0000000008009c16                _malloc_usable_size_r
 *(.glue_7)
 .glue_7        0x0000000008009c26        0x0 linker stubs
 *(.glue_7t)
 .glue_7t       0x0000000008009c26        0x0 linker stubs
 *(.eh_frame)
 *fill*         0x0000000008009c26        0x2 
 .eh_frame      0x0000000008009c28        0x0 /opt/st/stm32cubeide_1.13.2/plugins/com.st.stm32cube.ide.mcu.externaltools.gnu-tools-for-stm32.11.3.rel1.linux64_1.1.1.202309131626/tools/bin/../lib/gcc/arm-none-eabi/11.3.1/thumb/v6-m/nofp/crtbegin.o
 *(.init)
 .init          0x0000000008009c28        0x4 /opt/st/stm32cubeide_1.13.2/plugins/com.st.stm32cube.ide.mcu.externaltools.gnu-tools-for-stm32.11.3.rel1.linux64_1.1.1.202309131626/tools/bin/../lib/gcc/arm-none-eabi/11.3.1/thumb/v6-m/nofp/crti.o
                0x0000000008009c28                _init
 .init          0x0000000008009c2c        0x8 /opt/st/stm32cubeide_1.13.2/plugins/com.st.stm32cube.ide.mcu.externaltools.gnu-tools-for-stm32.11.3.rel1.linux64_1.1.1.202309131626/tools/bin/../lib/gcc/arm-none-eabi/11.3.1/thumb/v6-m/nofp/crtn.o
 *(.fini)
 .fini          0x0000000008009c34        0x4 /opt/st/stm32cubeide_1.13.2/plugins/com.st.stm32cube.ide.mcu.externaltools.gnu-tools-for-stm32.11.3.rel1.linux64_1.1.1.202309131626/tools/bin/../lib/gcc/arm-none-eabi/11.3.1/thumb/v6-m/nofp/crti.o
                0x0000000008009c34                _fini
 .fini          0x0000000008009c38        0x8 /opt/st/stm32cubeide_1.13.2/plugins/com.st.stm32cube.ide.mcu.externaltools.gnu-tools-for-stm32.11.3.rel1.linux64_1.1.1.202309131626/tools/bin/../lib/gcc/arm-none-eabi/11.3.1/thumb/v6-m/nofp/crtn.o
                0x0000000008009c40                . = ALIGN (0x4)
                0x0000000008009c40                _etext = .

.vfp11_veneer   0x0000000008009c40        0x0
 .vfp11_veneer  0x0000000008009c40        0x0 linker stubs

.v4_bx          0x0000000008009c40        0x0
 .v4_bx         0x0000000008009c40        0x0 linker stubs

.iplt           0x0000000008009c40        0x0
 .iplt          0x0000000008009c40        0x0 /opt/st/stm32cubeide_1.13.2/plugins/com.st.stm32cube.ide.mcu.externaltools.gnu-tools-for-stm32.11.3.rel1.linux64_1.1.1.202309131626/tools/bin/../lib/gcc/arm-none-eabi/11.3.1/thumb/v6-m/nofp/crtbegin.o

.rodata         0x0000000008009c40      0x28c
                0x0000000008009c40                . = ALIGN (0x4)
 *(.rodata)
 .rodata        0x0000000008009c40       0x84 ./Core/Src/MQTT.o
 .rodata        0x0000000008009cc4       0x87 ./Core/Src/main.o
 *fill*         0x0000000008009d4b        0x1 
 .rodata        0x0000000008009d4c        0x6 ./Core/Src/usart.o
 *fill*         0x0000000008009d52        0x2 
 .rodata        0x0000000008009d54       0x40 /opt/st/stm32cubeide_1.13.2/plugins/com.st.stm32cube.ide.mcu.externaltools.gnu-tools-for-stm32.11.3.rel1.linux64_1.1.1.202309131626/tools/bin/../lib/gcc/arm-none-eabi/11.3.1/thumb/v6-m/nofp/libgcc.a(divdf3.o)
 *(.rodata*)
 .rodata._ZTV6BMP280
                0x0000000008009d94        0xc ./Core/Src/BMP.o
                0x0000000008009d94                vtable for BMP280
 .rodata._ZTV6SensorIfE
                0x0000000008009da0        0xc ./Core/Src/BMP.o
                0x0000000008009da0                vtable for Sensor<float>
 .rodata._ZTV4RFID
                0x0000000008009dac        0xc ./Core/Src/RFID.o
                0x0000000008009dac                vtable for RFID
 .rodata._ZTV6SensorImE
                0x0000000008009db8        0xc ./Core/Src/RFID.o
                0x0000000008009db8                vtable for Sensor<unsigned long>
 .rodata.main   0x0000000008009dc4       0x58 ./Core/Src/main.o
 .rodata.AHBPrescTable
                0x0000000008009e1c       0x10 ./Core/Src/system_stm32f0xx.o
                0x0000000008009e1c                AHBPrescTable
 .rodata.APBPrescTable
                0x0000000008009e2c        0x8 ./Core/Src/system_stm32f0xx.o
                0x0000000008009e2c                APBPrescTable
 .rodata.aPLLMULFactorTable.1
                0x0000000008009e34       0x10 ./Drivers/STM32F0xx_HAL_Driver/Src/stm32f0xx_hal_rcc.o
 .rodata.aPredivFactorTable.0
                0x0000000008009e44       0x10 ./Drivers/STM32F0xx_HAL_Driver/Src/stm32f0xx_hal_rcc.o
 .rodata._ZNSt7__cxx1112basic_stringIcSt11char_traitsIcESaIcEE9_M_createERjj.str1.1
                0x0000000008009e54       0x18 /opt/st/stm32cubeide_1.13.2/plugins/com.st.stm32cube.ide.mcu.externaltools.gnu-tools-for-stm32.11.3.rel1.linux64_1.1.1.202309131626/tools/bin/../lib/gcc/arm-none-eabi/11.3.1/../../../../arm-none-eabi/lib/thumb/v6-m/nofp/libstdc++_nano.a(string-inst.o)
 .rodata._ZNSt7__cxx1112basic_stringIcSt11char_traitsIcESaIcEE12_M_constructIPcEEvT_S7_St20forward_iterator_tag.str1.1
                0x0000000008009e6c       0x2a /opt/st/stm32cubeide_1.13.2/plugins/com.st.stm32cube.ide.mcu.externaltools.gnu-tools-for-stm32.11.3.rel1.linux64_1.1.1.202309131626/tools/bin/../lib/gcc/arm-none-eabi/11.3.1/../../../../arm-none-eabi/lib/thumb/v6-m/nofp/libstdc++_nano.a(string-inst.o)
 .rodata._svfprintf_r.str1.1
                0x0000000008009e96       0x11 /opt/st/stm32cubeide_1.13.2/plugins/com.st.stm32cube.ide.mcu.externaltools.gnu-tools-for-stm32.11.3.rel1.linux64_1.1.1.202309131626/tools/bin/../lib/gcc/arm-none-eabi/11.3.1/../../../../arm-none-eabi/lib/thumb/v6-m/nofp/libc_nano.a(libc_a-nano-svfprintf.o)
 .rodata._printf_i.str1.1
                0x0000000008009ea7       0x22 /opt/st/stm32cubeide_1.13.2/plugins/com.st.stm32cube.ide.mcu.externaltools.gnu-tools-for-stm32.11.3.rel1.linux64_1.1.1.202309131626/tools/bin/../lib/gcc/arm-none-eabi/11.3.1/../../../../arm-none-eabi/lib/thumb/v6-m/nofp/libc_nano.a(libc_a-nano-vfprintf_i.o)
                0x0000000008009ecc                . = ALIGN (0x4)
 *fill*         0x0000000008009ec9        0x3 

.rel.dyn        0x0000000008009ecc        0x0
 .rel.iplt      0x0000000008009ecc        0x0 /opt/st/stm32cubeide_1.13.2/plugins/com.st.stm32cube.ide.mcu.externaltools.gnu-tools-for-stm32.11.3.rel1.linux64_1.1.1.202309131626/tools/bin/../lib/gcc/arm-none-eabi/11.3.1/thumb/v6-m/nofp/crtbegin.o

.ARM.extab      0x0000000008009ecc        0x0
                0x0000000008009ecc                . = ALIGN (0x4)
 *(.ARM.extab* .gnu.linkonce.armextab.*)
                0x0000000008009ecc                . = ALIGN (0x4)

.ARM            0x0000000008009ecc        0x0
                0x0000000008009ecc                . = ALIGN (0x4)
                0x0000000008009ecc                __exidx_start = .
 *(.ARM.exidx*)
                0x0000000008009ecc                __exidx_end = .
                0x0000000008009ecc                . = ALIGN (0x4)

.preinit_array  0x0000000008009ecc        0x0
                0x0000000008009ecc                . = ALIGN (0x4)
                0x0000000008009ecc                PROVIDE (__preinit_array_start = .)
 *(.preinit_array*)
                0x0000000008009ecc                PROVIDE (__preinit_array_end = .)
                0x0000000008009ecc                . = ALIGN (0x4)

.init_array     0x0000000008009ecc        0x4
                0x0000000008009ecc                . = ALIGN (0x4)
                0x0000000008009ecc                PROVIDE (__init_array_start = .)
 *(SORT_BY_NAME(.init_array.*))
 *(.init_array*)
 .init_array    0x0000000008009ecc        0x4 /opt/st/stm32cubeide_1.13.2/plugins/com.st.stm32cube.ide.mcu.externaltools.gnu-tools-for-stm32.11.3.rel1.linux64_1.1.1.202309131626/tools/bin/../lib/gcc/arm-none-eabi/11.3.1/thumb/v6-m/nofp/crtbegin.o
                0x0000000008009ed0                PROVIDE (__init_array_end = .)
                0x0000000008009ed0                . = ALIGN (0x4)

.fini_array     0x0000000008009ed0        0x4
                0x0000000008009ed0                . = ALIGN (0x4)
                [!provide]                        PROVIDE (__fini_array_start = .)
 *(SORT_BY_NAME(.fini_array.*))
 *(.fini_array*)
 .fini_array    0x0000000008009ed0        0x4 /opt/st/stm32cubeide_1.13.2/plugins/com.st.stm32cube.ide.mcu.externaltools.gnu-tools-for-stm32.11.3.rel1.linux64_1.1.1.202309131626/tools/bin/../lib/gcc/arm-none-eabi/11.3.1/thumb/v6-m/nofp/crtbegin.o
                [!provide]                        PROVIDE (__fini_array_end = .)
                0x0000000008009ed4                . = ALIGN (0x4)
                0x0000000008009ed4                _sidata = LOADADDR (.data)

.data           0x0000000020000000       0x5c load address 0x0000000008009ed4
                0x0000000020000000                . = ALIGN (0x4)
                0x0000000020000000                _sdata = .
 *(.data)
 *(.data*)
 .data.SystemCoreClock
                0x0000000020000000        0x4 ./Core/Src/system_stm32f0xx.o
                0x0000000020000000                SystemCoreClock
 .data.uwTickPrio
                0x0000000020000004        0x4 ./Drivers/STM32F0xx_HAL_Driver/Src/stm32f0xx_hal.o
                0x0000000020000004                uwTickPrio
 .data.uwTickFreq
                0x0000000020000008        0x1 ./Drivers/STM32F0xx_HAL_Driver/Src/stm32f0xx_hal.o
                0x0000000020000008                uwTickFreq
 *fill*         0x0000000020000009        0x3 
 .data._impure_data
                0x000000002000000c       0x4c /opt/st/stm32cubeide_1.13.2/plugins/com.st.stm32cube.ide.mcu.externaltools.gnu-tools-for-stm32.11.3.rel1.linux64_1.1.1.202309131626/tools/bin/../lib/gcc/arm-none-eabi/11.3.1/../../../../arm-none-eabi/lib/thumb/v6-m/nofp/libc_nano.a(libc_a-impure.o)
                0x000000002000000c                _impure_data
 .data._impure_ptr
                0x0000000020000058        0x4 /opt/st/stm32cubeide_1.13.2/plugins/com.st.stm32cube.ide.mcu.externaltools.gnu-tools-for-stm32.11.3.rel1.linux64_1.1.1.202309131626/tools/bin/../lib/gcc/arm-none-eabi/11.3.1/../../../../arm-none-eabi/lib/thumb/v6-m/nofp/libc_nano.a(libc_a-impure.o)
                0x0000000020000058                _impure_ptr
 *(.RamFunc)
 *(.RamFunc*)
                0x000000002000005c                . = ALIGN (0x4)
                0x000000002000005c                _edata = .

.igot.plt       0x000000002000005c        0x0 load address 0x0000000008009f30
 .igot.plt      0x000000002000005c        0x0 /opt/st/stm32cubeide_1.13.2/plugins/com.st.stm32cube.ide.mcu.externaltools.gnu-tools-for-stm32.11.3.rel1.linux64_1.1.1.202309131626/tools/bin/../lib/gcc/arm-none-eabi/11.3.1/thumb/v6-m/nofp/crtbegin.o
                0x000000002000005c                . = ALIGN (0x4)

.bss            0x000000002000005c      0x2f8 load address 0x0000000008009f30
                0x000000002000005c                _sbss = .
                0x000000002000005c                __bss_start__ = _sbss
 *(.bss)
 .bss           0x000000002000005c       0x1c /opt/st/stm32cubeide_1.13.2/plugins/com.st.stm32cube.ide.mcu.externaltools.gnu-tools-for-stm32.11.3.rel1.linux64_1.1.1.202309131626/tools/bin/../lib/gcc/arm-none-eabi/11.3.1/thumb/v6-m/nofp/crtbegin.o
 *(.bss*)
 .bss.hi2c1     0x0000000020000078       0x54 ./Core/Src/i2c.o
                0x0000000020000078                hi2c1
 .bss.hspi1     0x00000000200000cc       0x64 ./Core/Src/spi.o
                0x00000000200000cc                hspi1
 .bss.__sbrk_heap_end
                0x0000000020000130        0x4 ./Core/Src/sysmem.o
 .bss.htim1     0x0000000020000134       0x48 ./Core/Src/tim.o
                0x0000000020000134                htim1
 .bss.huart1    0x000000002000017c       0x88 ./Core/Src/usart.o
                0x000000002000017c                huart1
 .bss.uwTick    0x0000000020000204        0x4 ./Drivers/STM32F0xx_HAL_Driver/Src/stm32f0xx_hal.o
                0x0000000020000204                uwTick
 .bss._ZN12_GLOBAL__N_113__new_handlerE
                0x0000000020000208        0x4 /opt/st/stm32cubeide_1.13.2/plugins/com.st.stm32cube.ide.mcu.externaltools.gnu-tools-for-stm32.11.3.rel1.linux64_1.1.1.202309131626/tools/bin/../lib/gcc/arm-none-eabi/11.3.1/../../../../arm-none-eabi/lib/thumb/v6-m/nofp/libstdc++_nano.a(new_handler.o)
 .bss.__malloc_free_list
                0x000000002000020c        0x4 /opt/st/stm32cubeide_1.13.2/plugins/com.st.stm32cube.ide.mcu.externaltools.gnu-tools-for-stm32.11.3.rel1.linux64_1.1.1.202309131626/tools/bin/../lib/gcc/arm-none-eabi/11.3.1/../../../../arm-none-eabi/lib/thumb/v6-m/nofp/libc_nano.a(libc_a-mallocr.o)
                0x000000002000020c                __malloc_free_list
 .bss.__malloc_sbrk_start
                0x0000000020000210        0x4 /opt/st/stm32cubeide_1.13.2/plugins/com.st.stm32cube.ide.mcu.externaltools.gnu-tools-for-stm32.11.3.rel1.linux64_1.1.1.202309131626/tools/bin/../lib/gcc/arm-none-eabi/11.3.1/../../../../arm-none-eabi/lib/thumb/v6-m/nofp/libc_nano.a(libc_a-mallocr.o)
                0x0000000020000210                __malloc_sbrk_start
 .bss.__sf      0x0000000020000214      0x138 /opt/st/stm32cubeide_1.13.2/plugins/com.st.stm32cube.ide.mcu.externaltools.gnu-tools-for-stm32.11.3.rel1.linux64_1.1.1.202309131626/tools/bin/../lib/gcc/arm-none-eabi/11.3.1/../../../../arm-none-eabi/lib/thumb/v6-m/nofp/libc_nano.a(libc_a-findfp.o)
                0x0000000020000214                __sf
 .bss.errno     0x000000002000034c        0x4 /opt/st/stm32cubeide_1.13.2/plugins/com.st.stm32cube.ide.mcu.externaltools.gnu-tools-for-stm32.11.3.rel1.linux64_1.1.1.202309131626/tools/bin/../lib/gcc/arm-none-eabi/11.3.1/../../../../arm-none-eabi/lib/thumb/v6-m/nofp/libc_nano.a(libc_a-reent.o)
                0x000000002000034c                errno
 .bss.__lock___malloc_recursive_mutex
                0x0000000020000350        0x1 /opt/st/stm32cubeide_1.13.2/plugins/com.st.stm32cube.ide.mcu.externaltools.gnu-tools-for-stm32.11.3.rel1.linux64_1.1.1.202309131626/tools/bin/../lib/gcc/arm-none-eabi/11.3.1/../../../../arm-none-eabi/lib/thumb/v6-m/nofp/libc_nano.a(libc_a-lock.o)
                0x0000000020000350                __lock___malloc_recursive_mutex
 *(COMMON)
                0x0000000020000354                . = ALIGN (0x4)
 *fill*         0x0000000020000351        0x3 
                0x0000000020000354                _ebss = .
                0x0000000020000354                __bss_end__ = _ebss

._user_heap_stack
                0x0000000020000354      0x604 load address 0x0000000008009f30
                0x0000000020000358                . = ALIGN (0x8)
 *fill*         0x0000000020000354        0x4 
                [!provide]                        PROVIDE (end = .)
                0x0000000020000358                PROVIDE (_end = .)
                0x0000000020000558                . = (. + _Min_Heap_Size)
 *fill*         0x0000000020000358      0x200 
                0x0000000020000958                . = (. + _Min_Stack_Size)
 *fill*         0x0000000020000558      0x400 
                0x0000000020000958                . = ALIGN (0x8)

/DISCARD/
 libc.a(*)
 libm.a(*)
 libgcc.a(*)

.ARM.attributes
                0x0000000000000000       0x28
 *(.ARM.attributes)
 .ARM.attributes
                0x0000000000000000       0x1e /opt/st/stm32cubeide_1.13.2/plugins/com.st.stm32cube.ide.mcu.externaltools.gnu-tools-for-stm32.11.3.rel1.linux64_1.1.1.202309131626/tools/bin/../lib/gcc/arm-none-eabi/11.3.1/thumb/v6-m/nofp/crti.o
 .ARM.attributes
                0x000000000000001e       0x2c /opt/st/stm32cubeide_1.13.2/plugins/com.st.stm32cube.ide.mcu.externaltools.gnu-tools-for-stm32.11.3.rel1.linux64_1.1.1.202309131626/tools/bin/../lib/gcc/arm-none-eabi/11.3.1/thumb/v6-m/nofp/crtbegin.o
 .ARM.attributes
                0x000000000000004a       0x2c ./Core/Src/AC_controller.o
 .ARM.attributes
                0x0000000000000076       0x2c ./Core/Src/BMP.o
 .ARM.attributes
                0x00000000000000a2       0x2c ./Core/Src/Calendar.o
 .ARM.attributes
                0x00000000000000ce       0x2c ./Core/Src/Clock.o
 .ARM.attributes
                0x00000000000000fa       0x2c ./Core/Src/ClockCalendar.o
 .ARM.attributes
                0x0000000000000126       0x2c ./Core/Src/List.o
 .ARM.attributes
                0x0000000000000152       0x2c ./Core/Src/MQTT.o
 .ARM.attributes
                0x000000000000017e       0x2c ./Core/Src/Node.o
 .ARM.attributes
                0x00000000000001aa       0x2c ./Core/Src/RFID.o
 .ARM.attributes
                0x00000000000001d6       0x2c ./Core/Src/gpio.o
 .ARM.attributes
                0x0000000000000202       0x2c ./Core/Src/i2c.o
 .ARM.attributes
                0x000000000000022e       0x2c ./Core/Src/main.o
 .ARM.attributes
                0x000000000000025a       0x2c ./Core/Src/spi.o
 .ARM.attributes
                0x0000000000000286       0x2c ./Core/Src/stm32f0xx_hal_msp.o
 .ARM.attributes
                0x00000000000002b2       0x2c ./Core/Src/stm32f0xx_it.o
 .ARM.attributes
                0x00000000000002de       0x2c ./Core/Src/syscalls.o
 .ARM.attributes
                0x000000000000030a       0x2c ./Core/Src/sysmem.o
 .ARM.attributes
                0x0000000000000336       0x2c ./Core/Src/system_stm32f0xx.o
 .ARM.attributes
                0x0000000000000362       0x2c ./Core/Src/tim.o
 .ARM.attributes
                0x000000000000038e       0x2c ./Core/Src/usart.o
 .ARM.attributes
                0x00000000000003ba       0x21 ./Core/Startup/startup_stm32f091rctx.o
 .ARM.attributes
                0x00000000000003db       0x2c ./Drivers/STM32F0xx_HAL_Driver/Src/stm32f0xx_hal.o
 .ARM.attributes
                0x0000000000000407       0x2c ./Drivers/STM32F0xx_HAL_Driver/Src/stm32f0xx_hal_cortex.o
 .ARM.attributes
                0x0000000000000433       0x2c ./Drivers/STM32F0xx_HAL_Driver/Src/stm32f0xx_hal_gpio.o
 .ARM.attributes
                0x000000000000045f       0x2c ./Drivers/STM32F0xx_HAL_Driver/Src/stm32f0xx_hal_i2c.o
 .ARM.attributes
                0x000000000000048b       0x2c ./Drivers/STM32F0xx_HAL_Driver/Src/stm32f0xx_hal_i2c_ex.o
 .ARM.attributes
                0x00000000000004b7       0x2c ./Drivers/STM32F0xx_HAL_Driver/Src/stm32f0xx_hal_rcc.o
 .ARM.attributes
                0x00000000000004e3       0x2c ./Drivers/STM32F0xx_HAL_Driver/Src/stm32f0xx_hal_rcc_ex.o
 .ARM.attributes
                0x000000000000050f       0x2c ./Drivers/STM32F0xx_HAL_Driver/Src/stm32f0xx_hal_spi.o
 .ARM.attributes
                0x000000000000053b       0x2c ./Drivers/STM32F0xx_HAL_Driver/Src/stm32f0xx_hal_tim.o
 .ARM.attributes
                0x0000000000000567       0x2c ./Drivers/STM32F0xx_HAL_Driver/Src/stm32f0xx_hal_tim_ex.o
 .ARM.attributes
                0x0000000000000593       0x2c ./Drivers/STM32F0xx_HAL_Driver/Src/stm32f0xx_hal_uart.o
 .ARM.attributes
                0x00000000000005bf       0x2c /opt/st/stm32cubeide_1.13.2/plugins/com.st.stm32cube.ide.mcu.externaltools.gnu-tools-for-stm32.11.3.rel1.linux64_1.1.1.202309131626/tools/bin/../lib/gcc/arm-none-eabi/11.3.1/../../../../arm-none-eabi/lib/thumb/v6-m/nofp/libstdc++_nano.a(del_ops.o)
 .ARM.attributes
                0x00000000000005eb       0x2c /opt/st/stm32cubeide_1.13.2/plugins/com.st.stm32cube.ide.mcu.externaltools.gnu-tools-for-stm32.11.3.rel1.linux64_1.1.1.202309131626/tools/bin/../lib/gcc/arm-none-eabi/11.3.1/../../../../arm-none-eabi/lib/thumb/v6-m/nofp/libstdc++_nano.a(new_op.o)
 .ARM.attributes
                0x0000000000000617       0x2c /opt/st/stm32cubeide_1.13.2/plugins/com.st.stm32cube.ide.mcu.externaltools.gnu-tools-for-stm32.11.3.rel1.linux64_1.1.1.202309131626/tools/bin/../lib/gcc/arm-none-eabi/11.3.1/../../../../arm-none-eabi/lib/thumb/v6-m/nofp/libstdc++_nano.a(allocator-inst.o)
 .ARM.attributes
                0x0000000000000643       0x2c /opt/st/stm32cubeide_1.13.2/plugins/com.st.stm32cube.ide.mcu.externaltools.gnu-tools-for-stm32.11.3.rel1.linux64_1.1.1.202309131626/tools/bin/../lib/gcc/arm-none-eabi/11.3.1/../../../../arm-none-eabi/lib/thumb/v6-m/nofp/libstdc++_nano.a(string-inst.o)
 .ARM.attributes
                0x000000000000066f       0x2c /opt/st/stm32cubeide_1.13.2/plugins/com.st.stm32cube.ide.mcu.externaltools.gnu-tools-for-stm32.11.3.rel1.linux64_1.1.1.202309131626/tools/bin/../lib/gcc/arm-none-eabi/11.3.1/../../../../arm-none-eabi/lib/thumb/v6-m/nofp/libstdc++_nano.a(del_op.o)
 .ARM.attributes
                0x000000000000069b       0x2c /opt/st/stm32cubeide_1.13.2/plugins/com.st.stm32cube.ide.mcu.externaltools.gnu-tools-for-stm32.11.3.rel1.linux64_1.1.1.202309131626/tools/bin/../lib/gcc/arm-none-eabi/11.3.1/../../../../arm-none-eabi/lib/thumb/v6-m/nofp/libstdc++_nano.a(new_handler.o)
 .ARM.attributes
                0x00000000000006c7       0x2c /opt/st/stm32cubeide_1.13.2/plugins/com.st.stm32cube.ide.mcu.externaltools.gnu-tools-for-stm32.11.3.rel1.linux64_1.1.1.202309131626/tools/bin/../lib/gcc/arm-none-eabi/11.3.1/../../../../arm-none-eabi/lib/thumb/v6-m/nofp/libstdc++_nano.a(functexcept.o)
 .ARM.attributes
                0x00000000000006f3       0x2c /opt/st/stm32cubeide_1.13.2/plugins/com.st.stm32cube.ide.mcu.externaltools.gnu-tools-for-stm32.11.3.rel1.linux64_1.1.1.202309131626/tools/bin/../lib/gcc/arm-none-eabi/11.3.1/../../../../arm-none-eabi/lib/thumb/v6-m/nofp/libc_nano.a(libc_a-abort.o)
 .ARM.attributes
                0x000000000000071f       0x2c /opt/st/stm32cubeide_1.13.2/plugins/com.st.stm32cube.ide.mcu.externaltools.gnu-tools-for-stm32.11.3.rel1.linux64_1.1.1.202309131626/tools/bin/../lib/gcc/arm-none-eabi/11.3.1/../../../../arm-none-eabi/lib/thumb/v6-m/nofp/libc_nano.a(libc_a-malloc.o)
 .ARM.attributes
                0x000000000000074b       0x2c /opt/st/stm32cubeide_1.13.2/plugins/com.st.stm32cube.ide.mcu.externaltools.gnu-tools-for-stm32.11.3.rel1.linux64_1.1.1.202309131626/tools/bin/../lib/gcc/arm-none-eabi/11.3.1/../../../../arm-none-eabi/lib/thumb/v6-m/nofp/libc_nano.a(libc_a-mallocr.o)
 .ARM.attributes
                0x0000000000000777       0x2c /opt/st/stm32cubeide_1.13.2/plugins/com.st.stm32cube.ide.mcu.externaltools.gnu-tools-for-stm32.11.3.rel1.linux64_1.1.1.202309131626/tools/bin/../lib/gcc/arm-none-eabi/11.3.1/../../../../arm-none-eabi/lib/thumb/v6-m/nofp/libc_nano.a(libc_a-mlock.o)
 .ARM.attributes
                0x00000000000007a3       0x2c /opt/st/stm32cubeide_1.13.2/plugins/com.st.stm32cube.ide.mcu.externaltools.gnu-tools-for-stm32.11.3.rel1.linux64_1.1.1.202309131626/tools/bin/../lib/gcc/arm-none-eabi/11.3.1/../../../../arm-none-eabi/lib/thumb/v6-m/nofp/libc_nano.a(libc_a-findfp.o)
 .ARM.attributes
                0x00000000000007cf       0x2c /opt/st/stm32cubeide_1.13.2/plugins/com.st.stm32cube.ide.mcu.externaltools.gnu-tools-for-stm32.11.3.rel1.linux64_1.1.1.202309131626/tools/bin/../lib/gcc/arm-none-eabi/11.3.1/../../../../arm-none-eabi/lib/thumb/v6-m/nofp/libc_nano.a(libc_a-sprintf.o)
 .ARM.attributes
                0x00000000000007fb       0x2c /opt/st/stm32cubeide_1.13.2/plugins/com.st.stm32cube.ide.mcu.externaltools.gnu-tools-for-stm32.11.3.rel1.linux64_1.1.1.202309131626/tools/bin/../lib/gcc/arm-none-eabi/11.3.1/../../../../arm-none-eabi/lib/thumb/v6-m/nofp/libc_nano.a(libc_a-memcmp.o)
 .ARM.attributes
                0x0000000000000827       0x2c /opt/st/stm32cubeide_1.13.2/plugins/com.st.stm32cube.ide.mcu.externaltools.gnu-tools-for-stm32.11.3.rel1.linux64_1.1.1.202309131626/tools/bin/../lib/gcc/arm-none-eabi/11.3.1/../../../../arm-none-eabi/lib/thumb/v6-m/nofp/libc_nano.a(libc_a-memmove.o)
 .ARM.attributes
                0x0000000000000853       0x2c /opt/st/stm32cubeide_1.13.2/plugins/com.st.stm32cube.ide.mcu.externaltools.gnu-tools-for-stm32.11.3.rel1.linux64_1.1.1.202309131626/tools/bin/../lib/gcc/arm-none-eabi/11.3.1/../../../../arm-none-eabi/lib/thumb/v6-m/nofp/libc_nano.a(libc_a-memset.o)
 .ARM.attributes
                0x000000000000087f       0x2c /opt/st/stm32cubeide_1.13.2/plugins/com.st.stm32cube.ide.mcu.externaltools.gnu-tools-for-stm32.11.3.rel1.linux64_1.1.1.202309131626/tools/bin/../lib/gcc/arm-none-eabi/11.3.1/../../../../arm-none-eabi/lib/thumb/v6-m/nofp/libc_nano.a(libc_a-signal.o)
 .ARM.attributes
                0x00000000000008ab       0x2c /opt/st/stm32cubeide_1.13.2/plugins/com.st.stm32cube.ide.mcu.externaltools.gnu-tools-for-stm32.11.3.rel1.linux64_1.1.1.202309131626/tools/bin/../lib/gcc/arm-none-eabi/11.3.1/../../../../arm-none-eabi/lib/thumb/v6-m/nofp/libc_nano.a(libc_a-reent.o)
 .ARM.attributes
                0x00000000000008d7       0x2c /opt/st/stm32cubeide_1.13.2/plugins/com.st.stm32cube.ide.mcu.externaltools.gnu-tools-for-stm32.11.3.rel1.linux64_1.1.1.202309131626/tools/bin/../lib/gcc/arm-none-eabi/11.3.1/../../../../arm-none-eabi/lib/thumb/v6-m/nofp/libc_nano.a(libc_a-impure.o)
 .ARM.attributes
                0x0000000000000903       0x2c /opt/st/stm32cubeide_1.13.2/plugins/com.st.stm32cube.ide.mcu.externaltools.gnu-tools-for-stm32.11.3.rel1.linux64_1.1.1.202309131626/tools/bin/../lib/gcc/arm-none-eabi/11.3.1/../../../../arm-none-eabi/lib/thumb/v6-m/nofp/libc_nano.a(libc_a-signalr.o)
 .ARM.attributes
                0x000000000000092f       0x2c /opt/st/stm32cubeide_1.13.2/plugins/com.st.stm32cube.ide.mcu.externaltools.gnu-tools-for-stm32.11.3.rel1.linux64_1.1.1.202309131626/tools/bin/../lib/gcc/arm-none-eabi/11.3.1/../../../../arm-none-eabi/lib/thumb/v6-m/nofp/libc_nano.a(libc_a-sbrkr.o)
 .ARM.attributes
                0x000000000000095b       0x2c /opt/st/stm32cubeide_1.13.2/plugins/com.st.stm32cube.ide.mcu.externaltools.gnu-tools-for-stm32.11.3.rel1.linux64_1.1.1.202309131626/tools/bin/../lib/gcc/arm-none-eabi/11.3.1/../../../../arm-none-eabi/lib/thumb/v6-m/nofp/libc_nano.a(libc_a-errno.o)
 .ARM.attributes
                0x0000000000000987       0x2c /opt/st/stm32cubeide_1.13.2/plugins/com.st.stm32cube.ide.mcu.externaltools.gnu-tools-for-stm32.11.3.rel1.linux64_1.1.1.202309131626/tools/bin/../lib/gcc/arm-none-eabi/11.3.1/../../../../arm-none-eabi/lib/thumb/v6-m/nofp/libc_nano.a(libc_a-init.o)
 .ARM.attributes
                0x00000000000009b3       0x2c /opt/st/stm32cubeide_1.13.2/plugins/com.st.stm32cube.ide.mcu.externaltools.gnu-tools-for-stm32.11.3.rel1.linux64_1.1.1.202309131626/tools/bin/../lib/gcc/arm-none-eabi/11.3.1/../../../../arm-none-eabi/lib/thumb/v6-m/nofp/libc_nano.a(libc_a-lock.o)
 .ARM.attributes
                0x00000000000009df       0x2c /opt/st/stm32cubeide_1.13.2/plugins/com.st.stm32cube.ide.mcu.externaltools.gnu-tools-for-stm32.11.3.rel1.linux64_1.1.1.202309131626/tools/bin/../lib/gcc/arm-none-eabi/11.3.1/../../../../arm-none-eabi/lib/thumb/v6-m/nofp/libc_nano.a(libc_a-memchr-stub.o)
 .ARM.attributes
                0x0000000000000a0b       0x2c /opt/st/stm32cubeide_1.13.2/plugins/com.st.stm32cube.ide.mcu.externaltools.gnu-tools-for-stm32.11.3.rel1.linux64_1.1.1.202309131626/tools/bin/../lib/gcc/arm-none-eabi/11.3.1/../../../../arm-none-eabi/lib/thumb/v6-m/nofp/libc_nano.a(libc_a-memcpy-stub.o)
 .ARM.attributes
                0x0000000000000a37       0x1c /opt/st/stm32cubeide_1.13.2/plugins/com.st.stm32cube.ide.mcu.externaltools.gnu-tools-for-stm32.11.3.rel1.linux64_1.1.1.202309131626/tools/bin/../lib/gcc/arm-none-eabi/11.3.1/../../../../arm-none-eabi/lib/thumb/v6-m/nofp/libc_nano.a(libc_a-strlen.o)
 .ARM.attributes
                0x0000000000000a53       0x2c /opt/st/stm32cubeide_1.13.2/plugins/com.st.stm32cube.ide.mcu.externaltools.gnu-tools-for-stm32.11.3.rel1.linux64_1.1.1.202309131626/tools/bin/../lib/gcc/arm-none-eabi/11.3.1/../../../../arm-none-eabi/lib/thumb/v6-m/nofp/libc_nano.a(libc_a-freer.o)
 .ARM.attributes
                0x0000000000000a7f       0x2c /opt/st/stm32cubeide_1.13.2/plugins/com.st.stm32cube.ide.mcu.externaltools.gnu-tools-for-stm32.11.3.rel1.linux64_1.1.1.202309131626/tools/bin/../lib/gcc/arm-none-eabi/11.3.1/../../../../arm-none-eabi/lib/thumb/v6-m/nofp/libc_nano.a(libc_a-nano-svfprintf.o)
 .ARM.attributes
                0x0000000000000aab       0x2c /opt/st/stm32cubeide_1.13.2/plugins/com.st.stm32cube.ide.mcu.externaltools.gnu-tools-for-stm32.11.3.rel1.linux64_1.1.1.202309131626/tools/bin/../lib/gcc/arm-none-eabi/11.3.1/../../../../arm-none-eabi/lib/thumb/v6-m/nofp/libc_nano.a(libc_a-nano-vfprintf_i.o)
 .ARM.attributes
                0x0000000000000ad7       0x2c /opt/st/stm32cubeide_1.13.2/plugins/com.st.stm32cube.ide.mcu.externaltools.gnu-tools-for-stm32.11.3.rel1.linux64_1.1.1.202309131626/tools/bin/../lib/gcc/arm-none-eabi/11.3.1/../../../../arm-none-eabi/lib/thumb/v6-m/nofp/libc_nano.a(libc_a-reallocr.o)
 .ARM.attributes
                0x0000000000000b03       0x2c /opt/st/stm32cubeide_1.13.2/plugins/com.st.stm32cube.ide.mcu.externaltools.gnu-tools-for-stm32.11.3.rel1.linux64_1.1.1.202309131626/tools/bin/../lib/gcc/arm-none-eabi/11.3.1/../../../../arm-none-eabi/lib/thumb/v6-m/nofp/libc_nano.a(libc_a-msizer.o)
 .ARM.attributes
                0x0000000000000b2f       0x1e /opt/st/stm32cubeide_1.13.2/plugins/com.st.stm32cube.ide.mcu.externaltools.gnu-tools-for-stm32.11.3.rel1.linux64_1.1.1.202309131626/tools/bin/../lib/gcc/arm-none-eabi/11.3.1/thumb/v6-m/nofp/libgcc.a(_thumb1_case_shi.o)
 .ARM.attributes
                0x0000000000000b4d       0x1e /opt/st/stm32cubeide_1.13.2/plugins/com.st.stm32cube.ide.mcu.externaltools.gnu-tools-for-stm32.11.3.rel1.linux64_1.1.1.202309131626/tools/bin/../lib/gcc/arm-none-eabi/11.3.1/thumb/v6-m/nofp/libgcc.a(_udivsi3.o)
 .ARM.attributes